Component: ARM Compiler 5.06 update 6 (build 750) Tool: armlink [4d35ed]

==============================================================================

Section Cross References

    lock_common.o(i.lock_common_init) refers to app_ota.o(i.app_ota_init) for app_ota_init
    lock_common.o(i.lock_common_init) refers to app_port.o(i.app_port_nv_init) for app_port_nv_init
    lock_common.o(i.lock_common_init) refers to app_port.o(i.app_port_local_clock_start) for app_port_local_clock_start
    lock_common.o(i.lock_common_init) refers to lock_timer.o(i.lock_timer_creat) for lock_timer_creat
    lock_common.o(i.lock_common_init) refers to app_common.o(i.app_common_init) for app_common_init
    lock_common.o(i.lock_common_init) refers to bk_common.o(i.bk_log_hexdump) for bk_log_hexdump
    lock_common.o(i.lock_common_init) refers to tuya_ble_main.o(.bss) for tuya_ble_current_para
    lock_common.o(i.lock_factory_handler) refers to app_port.o(i.app_port_tuya_ble_device_factory_reset) for app_port_tuya_ble_device_factory_reset
    lock_common.o(i.lock_factory_handler) refers to app_flash.o(i.lock_flash_erease_all) for lock_flash_erease_all
    lock_common.o(i.lock_open_with_bt) refers to elog.o(i.elog_output) for elog_output
    lock_common.o(i.lock_open_with_bt) refers to lock_hard.o(.data) for g_auto_switch
    lock_common.o(i.lock_open_with_bt) refers to lock_common.o(.constdata) for .constdata
    lock_common.o(i.lock_open_with_nopwd_remote) refers to elog.o(i.elog_output) for elog_output
    lock_common.o(i.lock_open_with_nopwd_remote) refers to lock_hard.o(.data) for g_auto_switch
    lock_common.o(i.lock_open_with_nopwd_remote) refers to lock_common.o(.constdata) for .constdata
    lock_common.o(i.lock_remote_anti_lock) refers to elog.o(i.elog_output) for elog_output
    lock_common.o(i.lock_remote_anti_lock) refers to lock_common.o(.constdata) for .constdata
    lock_hard.o(i.lock_hard_uart_simulate) refers to elog.o(i.elog_output) for elog_output
    lock_hard.o(i.lock_hard_uart_simulate) refers to bk_common.o(i.bk_log_hexdump) for bk_log_hexdump
    lock_hard.o(i.lock_hard_uart_simulate) refers to app_flash.o(i.lock_get_hardid) for lock_get_hardid
    lock_hard.o(i.lock_hard_uart_simulate) refers to lock_dp_report.o(i.lock_state_sync_report) for lock_state_sync_report
    lock_hard.o(i.lock_hard_uart_simulate) refers to app_port.o(i.app_port_dp_data_report) for app_port_dp_data_report
    lock_hard.o(i.lock_hard_uart_simulate) refers to app_port.o(i.app_port_nv_set_default) for app_port_nv_set_default
    lock_hard.o(i.lock_hard_uart_simulate) refers to lock_dp_report.o(i.lock_hard_creat_sub_report) for lock_hard_creat_sub_report
    lock_hard.o(i.lock_hard_uart_simulate) refers to app_flash.o(i.lock_hard_save_in_local_flash) for lock_hard_save_in_local_flash
    lock_hard.o(i.lock_hard_uart_simulate) refers to lock_dp_report.o(i.lock_open_record_report) for lock_open_record_report
    lock_hard.o(i.lock_hard_uart_simulate) refers to lock_dp_report.o(i.lock_open_record_combine_report) for lock_open_record_combine_report
    lock_hard.o(i.lock_hard_uart_simulate) refers to lock_dp_report.o(i.lock_alarm_record_report) for lock_alarm_record_report
    lock_hard.o(i.lock_hard_uart_simulate) refers to lock_dynamic_pwd.o(i.lock_dynamic_pwd_verify) for lock_dynamic_pwd_verify
    lock_hard.o(i.lock_hard_uart_simulate) refers to memseta.o(.text) for __aeabi_memset
    lock_hard.o(i.lock_hard_uart_simulate) refers to app_port.o(i.app_port_get_timestamp) for app_port_get_timestamp
    lock_hard.o(i.lock_hard_uart_simulate) refers to lock_offline_pwd.o(i.lock_offline_pwd_verify) for lock_offline_pwd_verify
    lock_hard.o(i.lock_hard_uart_simulate) refers to app_port.o(i.app_port_aes128_cbc_encrypt) for app_port_aes128_cbc_encrypt
    lock_hard.o(i.lock_hard_uart_simulate) refers to lock_hard.o(.constdata) for .constdata
    lock_hard.o(i.lock_hard_uart_simulate) refers to lock_hard.o(.data) for .data
    lock_hard.o(i.lock_hard_uart_simulate) refers to tuya_ble_main.o(.bss) for tuya_ble_current_para
    lock_hard.o(i.lock_hard_uart_simulate) refers to lock_dp_report.o(i.lock_open_record_report_offline_pwd) for lock_open_record_report_offline_pwd
    lock_hard.o(i.lock_hard_uart_simulate) refers to lock_common.o(i.lock_factory_handler) for lock_factory_handler
    lock_hard.o(i.lock_hard_uart_simulate) refers to lock_timer.o(i.lock_timer_start) for lock_timer_start
    lock_hard.o(i.lock_hard_uart_simulate) refers to app_port.o(i.app_port_dp_data_with_time_report) for app_port_dp_data_with_time_report
    lock_hard.o(i.lock_hard_uart_simulate) refers to app_active_report.o(i.app_active_report_finished_and_disconnect) for app_active_report_finished_and_disconnect
    lock_hard.o(i.lock_hard_uart_simulate) refers to app_active_report.o(i.app_active_report_start) for app_active_report_start
    lock_dp_parser.o(i.lock_dp_parser_handler) refers to bk_common.o(i.bk_log_hexdump) for bk_log_hexdump
[...]
    0x0001f742   0x0001f742   0x00000002   PAD
    0x0001f744   0x0001f744   0x00000060   Code   RO         4224    i.IRQ_Exception     intc.o
    0x0001f7a4   0x0001f7a4   0x00000018   Code   RO         4388    i.Read_Uart_Buf     uart.o
    0x0001f7bc   0x0001f7bc   0x0000002e   Code   RO         2046    i.SHA1              sha1.o
    0x0001f7ea   0x0001f7ea   0x0000006c   Code   RO         2047    i.SHA1Input         sha1.o
    0x0001f856   0x0001f856   0x00000080   Code   RO         2048    i.SHA1PadMessage    sha1.o
    0x0001f8d6   0x0001f8d6   0x00000002   PAD
    0x0001f8d8   0x0001f8d8   0x0000019c   Code   RO         2049    i.SHA1ProcessMessageBlock  sha1.o
    0x0001fa74   0x0001fa74   0x0000003c   Code   RO         2050    i.SHA1Reset         sha1.o
    0x0001fab0   0x0001fab0   0x0000005a   Code   RO         2051    i.SHA1Result        sha1.o
    0x0001fb0a   0x0001fb0a   0x00000002   PAD
    0x0001fb0c   0x0001fb0c   0x00000134   Code   RO         3340    i.Stack_Integrity_Check  arch_main.o
    0x0001fc40   0x0001fc40   0x00000058   Code   RO          693    i.TOTP              lock_dynamic_pwd.o
    0x0001fc98   0x0001fc98   0x00000034   Code   RO         6662    i.__0snprintf       mc_5.l(printfa.o)
    0x0001fccc   0x0001fccc   0x00000028   Code   RO         6663    i.__0sprintf        mc_5.l(printfa.o)
    0x0001fcf4   0x0001fcf4   0x0000002c   Code   RO         6666    i.__0vsnprintf      mc_5.l(printfa.o)
    0x0001fd20   0x0001fd20   0x00000024   Code   RO         6667    i.__0vsprintf       mc_5.l(printfa.o)
    0x0001fd44   0x0001fd44   0x00000030   Code   RO         6727    i.__ARM_fpclassify  m_5s.l(fpclassify.o)
    0x0001fd74   0x0001fd74   0x00000008   Code   RO         6745    i.__aeabi_errno_addr  mc_5.l(errno.o)
    0x0001fd7c   0x0001fd7c   0x000000f0   Code   RO         6733    i.__kernel_poly     m_5s.l(poly.o)
    0x0001fe6c   0x0001fe6c   0x00000018   Code   RO         6713    i.__mathlib_dbl_divzero  m_5s.l(dunder.o)
    0x0001fe84   0x0001fe84   0x00000004   Code   RO         6715    i.__mathlib_dbl_infnan2  m_5s.l(dunder.o)
    0x0001fe88   0x0001fe88   0x00000014   Code   RO         6716    i.__mathlib_dbl_invalid  m_5s.l(dunder.o)
    0x0001fe9c   0x0001fe9c   0x00000014   Code   RO         6717    i.__mathlib_dbl_overflow  m_5s.l(dunder.o)
    0x0001feb0   0x0001feb0   0x00000014   Code   RO         6719    i.__mathlib_dbl_underflow  m_5s.l(dunder.o)
    0x0001fec4   0x0001fec4   0x00000008   Ven    RO         6747    i.__set_errno       mc_5.l(errno.o)
    0x0001fecc   0x0001fecc   0x0000000c   Code   RO         6747    i.__set_errno       mc_5.l(errno.o)
    0x0001fed8   0x0001fed8   0x00000174   Code   RO         6668    i._fp_digits        mc_5.l(printfa.o)
    0x0002004c   0x0002004c   0x000006f4   Code   RO         6669    i._printf_core      mc_5.l(printfa.o)
    0x00020740   0x00020740   0x00000020   Code   RO         6670    i._printf_post_padding  mc_5.l(printfa.o)
    0x00020760   0x00020760   0x0000002c   Code   RO         6671    i._printf_pre_padding  mc_5.l(printfa.o)
    0x0002078c   0x0002078c   0x00000016   Code   RO         6672    i._snputc           mc_5.l(printfa.o)
    0x000207a2   0x000207a2   0x0000000a   Code   RO         6673    i._sputc            mc_5.l(printfa.o)
    0x000207ac   0x000207ac   0x00000030   Code   RO         2512    i.addr_is_valid     sf_nv.o
    0x000207dc   0x000207dc   0x00000008   Code   RO         1202    i.app_active_report_finished_and_disconnect  app_active_report.o
    0x000207e4   0x000207e4   0x000000e0   Code   RO         1203    i.app_active_report_finished_and_disconnect_handler  app_active_report.o
    0x000208c4   0x000208c4   0x0000000a   Code   RO          561    i.app_active_report_outtime_cb  lock_timer.o
    0x000208ce   0x000208ce   0x0000000a   Code   RO          562    i.app_active_report_outtime_cb_handler  lock_timer.o
    0x000208d8   0x000208d8   0x000000a4   Code   RO         1204    i.app_active_report_start  app_active_report.o
    0x0002097c   0x0002097c   0x0000010c   Code   RO         1205    i.app_active_report_stop  app_active_report.o
    0x00020a88   0x00020a88   0x000000a4   Code   RO          900    i.app_common_evt_process  app_common.o
    0x00020b2c   0x00020b2c   0x00000010   Code   RO          901    i.app_common_evt_send  app_common.o
    0x00020b3c   0x00020b3c   0x00000016   Code   RO          902    i.app_common_evt_send_only_evt  app_common.o
    0x00020b52   0x00020b52   0x0000002c   Code   RO          903    i.app_common_evt_send_with_data  app_common.o
    0x00020b7e   0x00020b7e   0x00000002   PAD
    0x00020b80   0x00020b80   0x00000088   Code   RO          904    i.app_common_init   app_common.o
    0x00020c08   0x00020c08   0x00000180   Code   RO          905    i.app_common_tuya_ble_sdk_callback  app_common.o
    0x00020d88   0x00020d88   0x00000030   Code   RO         5076    i.app_fff0_add_fff0s  app_fff0.o
    0x00020db8   0x00020db8   0x0000001c   Code   RO         5078    i.app_fff0_msg_dflt_handler  app_fff0.o
    0x00020dd4   0x00020dd4   0x00000034   Code   RO         5079    i.app_fff1_send_lvl  app_fff0.o
    0x00020e08   0x00020e08   0x0000025c   Code   RO         1128    i.app_ota_data_handler  app_ota.o
    0x00021064   0x00021064   0x00000014   Code   RO         1129    i.app_ota_disconn_handler  app_ota.o
    0x00021078   0x00021078   0x0000024c   Code   RO         1130    i.app_ota_end_handler  app_ota.o
    0x000212c4   0x000212c4   0x00000018   Code   RO         1131    i.app_ota_exit      app_ota.o
    0x000212dc   0x000212dc   0x00000250   Code   RO         1132    i.app_ota_file_info_handler  app_ota.o
    0x0002152c   0x0002152c   0x000001ac   Code   RO         1133    i.app_ota_file_offset_handler  app_ota.o
    0x000216d8   0x000216d8   0x00000060   Code   RO         1134    i.app_ota_get_crc32_in_flash  app_ota.o
    0x00021738   0x00021738   0x000000e8   Code   RO         1136    i.app_ota_handler   app_ota.o
    0x00021820   0x00021820   0x00000004   Code   RO         1137    i.app_ota_init      app_ota.o
    0x00021824   0x00021824   0x00000180   Code   RO         1138    i.app_ota_req_handler  app_ota.o
    0x000219a4   0x000219a4   0x0000000c   Code   RO         1139    i.app_ota_rsp       app_ota.o
    0x000219b0   0x000219b0   0x0000000c   Code   RO         1293    i.app_port_aes128_cbc_encrypt  app_port.o
    0x000219bc   0x000219bc   0x00000008   Code   RO         1294    i.app_port_ble_callback_queue_register  app_port.o
    0x000219c4   0x000219c4   0x00000004   Code   RO         1295    i.app_port_ble_conn_evt_ext  app_port.o
    0x000219c8   0x000219c8   0x00000008   Code   RO         1296    i.app_port_ble_custom_event_send  app_port.o
    0x000219d0   0x000219d0   0x00000008   Code   RO         1297    i.app_port_ble_gap_disconnect  app_port.o
    0x000219d8   0x000219d8   0x00000008   Code   RO         1298    i.app_port_ble_sdk_init  app_port.o
    0x000219e0   0x000219e0   0x00000008   Code   RO         1299    i.app_port_check_sum  app_port.o
    0x000219e8   0x000219e8   0x0000000a   Code   RO         1301    i.app_port_conn_param_update  app_port.o
    0x000219f2   0x000219f2   0x00000008   Code   RO         1302    i.app_port_crc16_compute  app_port.o
    0x000219fa   0x000219fa   0x00000008   Code   RO         1303    i.app_port_crc32_compute  app_port.o
    0x00021a02   0x00021a02   0x00000002   PAD
    0x00021a04   0x00021a04   0x00000078   Code   RO         1305    i.app_port_device_reset  app_port.o
    0x00021a7c   0x00021a7c   0x00000048   Code   RO         1306    i.app_port_dp_data_report  app_port.o
    0x00021ac4   0x00021ac4   0x000000e8   Code   RO         1307    i.app_port_dp_data_with_time_report  app_port.o
    0x00021bac   0x00021bac   0x00000008   Code   RO         1308    i.app_port_factory_test_process  app_port.o
    0x00021bb4   0x00021bb4   0x00000008   Code   RO         1309    i.app_port_free     app_port.o
    0x00021bbc   0x00021bbc   0x0000000e   Code   RO         1310    i.app_port_get_bt_mac_addr  app_port.o
    0x00021bca   0x00021bca   0x00000008   Code   RO         1311    i.app_port_get_connect_status  app_port.o
    0x00021bd2   0x00021bd2   0x00000008   Code   RO         1312    i.app_port_get_old_timestamp  app_port.o
    0x00021bda   0x00021bda   0x00000008   Code   RO         1313    i.app_port_get_timestamp  app_port.o
    0x00021be2   0x00021be2   0x0000000a   Code   RO         1314    i.app_port_local_clock_start  app_port.o
    0x00021bec   0x00021bec   0x0000000c   Code   RO         1315    i.app_port_malloc   app_port.o
    0x00021bf8   0x00021bf8   0x00000008   Code   RO         1316    i.app_port_num_array_2_int  app_port.o
    0x00021c00   0x00021c00   0x00000008   Code   RO         1317    i.app_port_nv_del   app_port.o
    0x00021c08   0x00021c08   0x00000008   Code   RO         1318    i.app_port_nv_erase  app_port.o
    0x00021c10   0x00021c10   0x00000008   Code   RO         1319    i.app_port_nv_get   app_port.o
    0x00021c18   0x00021c18   0x00000022   Code   RO         1320    i.app_port_nv_init  app_port.o
    0x00021c3a   0x00021c3a   0x00000008   Code   RO         1321    i.app_port_nv_read  app_port.o
    0x00021c42   0x00021c42   0x00000008   Code   RO         1322    i.app_port_nv_set   app_port.o
    0x00021c4a   0x00021c4a   0x0000002e   Code   RO         1323    i.app_port_nv_set_default  app_port.o
    0x00021c78   0x00021c78   0x00000008   Code   RO         1324    i.app_port_nv_write  app_port.o
    0x00021c80   0x00021c80   0x000000a0   Code   RO         1325    i.app_port_ota_rsp  app_port.o
    0x00021d20   0x00021d20   0x00000008   Code   RO         1326    i.app_port_reverse_byte  app_port.o
    0x00021d28   0x00021d28   0x00000008   Code   RO         1327    i.app_port_set_bt_mac_addr  app_port.o
    0x00021d30   0x00021d30   0x00000008   Code   RO         1328    i.app_port_string_op_hex2hexstr  app_port.o
    0x00021d38   0x00021d38   0x00000008   Code   RO         1329    i.app_port_string_op_hexstr2hex  app_port.o
    0x00021d40   0x00021d40   0x00000008   Code   RO         1330    i.app_port_string_op_intstr2int  app_port.o
    0x00021d48   0x00021d48   0x00000008   Code   RO         1331    i.app_port_timer_create  app_port.o
    0x00021d50   0x00021d50   0x00000008   Code   RO         1333    i.app_port_timer_start  app_port.o
    0x00021d58   0x00021d58   0x00000008   Code   RO         1334    i.app_port_timer_stop  app_port.o
    0x00021d60   0x00021d60   0x00000008   Code   RO         1335    i.app_port_tuya_ble_device_factory_reset  app_port.o
    0x00021d68   0x00021d68   0x00000008   Code   RO         1336    i.app_port_uart_send_data  app_port.o
    0x00021d70   0x00021d70   0x0000000a   Code   RO         1337    i.app_port_update_timestamp  app_port.o
    0x00021d7a   0x00021d7a   0x0000000a   Code   RO         1236    i.app_test_init     app_test.o
    0x00021d84   0x00021d84   0x0000000a   Code   RO          563    i.app_test_outtime_cb  lock_timer.o
    0x00021d8e   0x00021d8e   0x00000008   Code   RO          564    i.app_test_outtime_cb_handler  lock_timer.o
    0x00021d96   0x00021d96   0x00000002   PAD
    0x00021d98   0x00021d98   0x00000010   Code   RO         1237    i.app_test_outtime_handler  app_test.o
    0x00021da8   0x00021da8   0x00000040   Code   RO         1238    i.app_test_pre_process  app_test.o
    0x00021de8   0x00021de8   0x000001d0   Code   RO         1239    i.app_test_process  app_test.o
    0x00021fb8   0x00021fb8   0x00000244   Code   RO         1240    i.app_test_query_info_handler  app_test.o
    0x000221fc   0x000221fc   0x0000000a   Code   RO          565    i.app_test_reset_outtime_cb  lock_timer.o
    0x00022206   0x00022206   0x00000008   Code   RO          566    i.app_test_reset_outtime_cb_handler  lock_timer.o
    0x0002220e   0x0002220e   0x00000002   PAD
    0x00022210   0x00022210   0x00000044   Code   RO         1241    i.app_test_rsp      app_test.o
    0x00022254   0x00022254   0x000000a8   Code   RO         1242    i.app_test_write_auth_info_handler  app_test.o
    0x000222fc   0x000222fc   0x00000078   Code   RO         5973    i.applib_dt_dayindex  tuya_ble_sdk_bk3431q.lib(tuya_ble_unix_time.o)
    0x00022374   0x00022374   0x00000028   Code   RO         5974    i.applib_dt_is_leap_year  tuya_ble_sdk_bk3431q.lib(tuya_ble_unix_time.o)
    0x0002239c   0x0002239c   0x0000002c   Code   RO         5975    i.applib_dt_last_day_of_mon  tuya_ble_sdk_bk3431q.lib(tuya_ble_unix_time.o)
    0x000223c8   0x000223c8   0x00000028   Code   RO         4982    i.appm_add_svc      app.o
    0x000223f0   0x000223f0   0x0000002c   Code   RO         4983    i.appm_disconnect   app.o
    0x0002241c   0x0002241c   0x00000014   Code   RO         4984    i.appm_get_dev_name  app.o
    0x00022430   0x00022430   0x0000005c   Code   RO         4985    i.appm_init         app.o
    0x0002248c   0x0002248c   0x00000058   Code   RO         5137    i.appm_msg_handler  app_task.o
    0x000224e4   0x000224e4   0x000000ec   Code   RO         4986    i.appm_start_advertising  app.o
    0x000225d0   0x000225d0   0x00000074   Code   RO         4987    i.appm_stop_advertising  app.o
    0x00022644   0x00022644   0x00000058   Code   RO         4988    i.appm_update_adv_data  app.o
    0x0002269c   0x0002269c   0x00000044   Code   RO         4989    i.appm_update_param  app.o
    0x000226e0   0x000226e0   0x00000064   Code   RO         3341    i.assert_err        arch_main.o
    0x00022744   0x00022744   0x00000074   Code   RO         3342    i.assert_param      arch_main.o
    0x000227b8   0x000227b8   0x00000022   Code   RO         1570    i.auth_settings_crc_ok  tuya_ble_storage.o
    0x000227da   0x000227da   0x00000002   PAD
    0x000227dc   0x000227dc   0x0000001c   Code   RO         2956    i.bk_adv_param_set  bk_scan_adv.o
    0x000227f8   0x000227f8   0x00000008   Code   RO         2957    i.bk_adv_start      bk_scan_adv.o
    0x00022800   0x00022800   0x00000018   Code   RO         2959    i.bk_adv_update_advDataAndScanRsp  bk_scan_adv.o
    0x00022818   0x00022818   0x00000068   Code   RO         3031    i.bk_ble_notify     bk_svc.o
    0x00022880   0x00022880   0x00000054   Code   RO         3032    i.bk_ble_notify_handler  bk_svc.o
    0x000228d4   0x000228d4   0x00000032   Code   RO         2993    i.bk_conn_param_update  bk_ble.o
    0x00022906   0x00022906   0x00000008   Code   RO         3116    i.bk_delay_ms       bk_timer.o
    0x0002290e   0x0002290e   0x00000008   Code   RO         2994    i.bk_disconnect     bk_ble.o
    0x00022916   0x00022916   0x00000002   PAD
    0x00022918   0x00022918   0x00000018   Code   RO         2887    i.bk_enter_critical  bk_common.o
    0x00022930   0x00022930   0x00000020   Code   RO         2888    i.bk_exit_critical  bk_common.o
    0x00022950   0x00022950   0x00000018   Code   RO         3227    i.bk_flash_erase    bk_flash.o
    0x00022968   0x00022968   0x00000002   Code   RO         3228    i.bk_flash_init     bk_flash.o
    0x0002296a   0x0002296a   0x0000001c   Code   RO         3229    i.bk_flash_read     bk_flash.o
    0x00022986   0x00022986   0x0000001c   Code   RO         3230    i.bk_flash_write    bk_flash.o
    0x000229a2   0x000229a2   0x00000020   Code   RO         2995    i.bk_get_bt_mac_addr  bk_ble.o
    0x000229c2   0x000229c2   0x00000002   PAD
    0x000229c4   0x000229c4   0x00000014   Code   RO         3120    i.bk_get_old_timestamp  bk_timer.o
    0x000229d8   0x000229d8   0x00000010   Code   RO         3121    i.bk_get_timestamp  bk_timer.o
    0x000229e8   0x000229e8   0x0000007c   Code   RO         2996    i.bk_init_bt_mac_addr  bk_ble.o
    0x00022a64   0x00022a64   0x00000018   Code   RO         3122    i.bk_local_timer_start  bk_timer.o
    0x00022a7c   0x00022a7c   0x0000000e   Code   RO         2889    i.bk_log_hexdump    bk_common.o
    0x00022a8a   0x00022a8a   0x00000002   Code   RO         2890    i.bk_log_hexdump_empty  bk_common.o
    0x00022a8c   0x00022a8c   0x0000003c   Code   RO         2892    i.bk_log_init       bk_common.o
    0x00022ac8   0x00022ac8   0x00000010   Code   RO         3123    i.bk_rtc_handler    bk_timer.o
    0x00022ad8   0x00022ad8   0x0000002c   Code   RO         2997    i.bk_set_bt_mac_addr  bk_ble.o
    0x00022b04   0x00022b04   0x00000008   Code   RO         3034    i.bk_svc_receive_data  bk_svc.o
    0x00022b0c   0x00022b0c   0x0000000c   Code   RO         3035    i.bk_svc_send_data  bk_svc.o
    0x00022b18   0x00022b18   0x00000020   Code   RO         3036    i.bk_svc_send_data_complete  bk_svc.o
    0x00022b38   0x00022b38   0x0000000a   Code   RO         2893    i.bk_system_reset   bk_common.o
    0x00022b42   0x00022b42   0x00000002   Code   RO         3324    i.bk_test           bk_test.o
    0x00022b44   0x00022b44   0x00000010   Code   RO         5138    i.bk_timer0_handler  app_task.o
    0x00022b54   0x00022b54   0x00000010   Code   RO         5139    i.bk_timer10_handler  app_task.o
    0x00022b64   0x00022b64   0x00000010   Code   RO         5140    i.bk_timer11_handler  app_task.o
    0x00022b74   0x00022b74   0x00000010   Code   RO         5141    i.bk_timer12_handler  app_task.o
    0x00022b84   0x00022b84   0x00000010   Code   RO         5142    i.bk_timer13_handler  app_task.o
    0x00022b94   0x00022b94   0x00000010   Code   RO         5143    i.bk_timer14_handler  app_task.o
    0x00022ba4   0x00022ba4   0x0000000e   Code   RO         5144    i.bk_timer15_handler  app_task.o
    0x00022bb2   0x00022bb2   0x00000002   PAD
    0x00022bb4   0x00022bb4   0x00000010   Code   RO         5145    i.bk_timer16_handler  app_task.o
    0x00022bc4   0x00022bc4   0x00000010   Code   RO         5146    i.bk_timer17_handler  app_task.o
    0x00022bd4   0x00022bd4   0x00000010   Code   RO         5147    i.bk_timer18_handler  app_task.o
    0x00022be4   0x00022be4   0x00000010   Code   RO         5148    i.bk_timer19_handler  app_task.o
    0x00022bf4   0x00022bf4   0x00000010   Code   RO         5149    i.bk_timer1_handler  app_task.o
    0x00022c04   0x00022c04   0x00000010   Code   RO         5150    i.bk_timer2_handler  app_task.o
    0x00022c14   0x00022c14   0x00000010   Code   RO         5151    i.bk_timer3_handler  app_task.o
    0x00022c24   0x00022c24   0x00000010   Code   RO         5152    i.bk_timer4_handler  app_task.o
    0x00022c34   0x00022c34   0x00000010   Code   RO         5153    i.bk_timer5_handler  app_task.o
    0x00022c44   0x00022c44   0x00000010   Code   RO         5154    i.bk_timer6_handler  app_task.o
    0x00022c54   0x00022c54   0x00000010   Code   RO         5155    i.bk_timer7_handler  app_task.o
    0x00022c64   0x00022c64   0x00000010   Code   RO         5156    i.bk_timer8_handler  app_task.o
    0x00022c74   0x00022c74   0x00000010   Code   RO         5157    i.bk_timer9_handler  app_task.o
    0x00022c84   0x00022c84   0x00000044   Code   RO         3124    i.bk_timer_create   bk_timer.o
    0x00022cc8   0x00022cc8   0x00000074   Code   RO         3126    i.bk_timer_handler  bk_timer.o
    0x00022d3c   0x00022d3c   0x00000034   Code   RO         3128    i.bk_timer_start    bk_timer.o
    0x00022d70   0x00022d70   0x00000040   Code   RO         3129    i.bk_timer_start_0  bk_timer.o
    0x00022db0   0x00022db0   0x0000000c   Code   RO         3130    i.bk_timer_stop     bk_timer.o
    0x00022dbc   0x00022dbc   0x00000030   Code   RO         3131    i.bk_timer_stop_0   bk_timer.o
    0x00022dec   0x00022dec   0x00000018   Code   RO         3076    i.bk_uart1_init     bk_uart.o
    0x00022e04   0x00022e04   0x00000008   Code   RO         3077    i.bk_uart1_send     bk_uart.o
    0x00022e0c   0x00022e0c   0x00000018   Code   RO         3078    i.bk_uart2_init     bk_uart.o
    0x00022e24   0x00022e24   0x00000010   Code   RO         3132    i.bk_update_timestamp  bk_timer.o
    0x00022e34   0x00022e34   0x00000010   Code   RO         2894    i.bk_wdt_feed       bk_common.o
    0x00022e44   0x00022e44   0x00000098   Code   RO         5646    i.ble_data_unpack   tuya_ble_sdk_bk3431q.lib(tuya_ble_data_handler.o)
    0x00022edc   0x00022edc   0x0000000a   Code   RO          567    i.bonding_conn_outtime_cb  lock_timer.o
    0x00022ee6   0x00022ee6   0x0000000a   Code   RO          568    i.bonding_conn_outtime_cb_handler  lock_timer.o
    0x00022ef0   0x00022ef0   0x00000050   Code   RO         2440    i.byte_str_concatenate  fpe_str.o
    0x00022f40   0x00022f40   0x0000004c   Code   RO         2441    i.byte_str_copy_of_range  fpe_str.o
    0x00022f8c   0x00022f8c   0x00000004   Code   RO         2442    i.byte_str_to_num   fpe_str.o
    0x00022f90   0x00022f90   0x0000001c   Code   RO         2327    i.calcb             ff1.o
    0x00022fac   0x00022fac   0x0000004a   Code   RO         2328    i.calcc             ff1.o
    0x00022ff6   0x00022ff6   0x0000000e   Code   RO         2329    i.calcd             ff1.o
    0x00023004   0x00023004   0x00000016   Code   RO         2405    i.ceil2             fpe_math.o
    0x0002301a   0x0002301a   0x00000018   Code   RO         6017    i.check_sum         tuya_ble_sdk_bk3431q.lib(tuya_ble_utils.o)
    0x00023032   0x00023032   0x00000002   PAD
    0x00023034   0x00023034   0x00000010   Code   RO         4390    i.check_uart_stop   uart.o
    0x00023044   0x00023044   0x00000064   Code   RO         4044    i.clr_flash_qwfr    flash.o
    0x000230a8   0x000230a8   0x0000000a   Code   RO          569    i.conn_monitor_outtime_cb  lock_timer.o
    0x000230b2   0x000230b2   0x00000002   PAD
    0x000230b4   0x000230b4   0x000000a4   Code   RO          570    i.conn_monitor_outtime_cb_handler  lock_timer.o
    0x00023158   0x00023158   0x0000000a   Code   RO          571    i.conn_param_update_outtime_cb  lock_timer.o
    0x00023162   0x00023162   0x00000002   PAD
    0x00023164   0x00023164   0x00000014   Code   RO          572    i.conn_param_update_outtime_cb_handler  lock_timer.o
    0x00023178   0x00023178   0x0000001a   Code   RO         1875    i.cpt_check_sum     cpt_math.o
    0x00023192   0x00023192   0x00000002   PAD
    0x00023194   0x00023194   0x0000003c   Code   RO         1877    i.cpt_crc16_compute  cpt_math.o
    0x000231d0   0x000231d0   0x0000003c   Code   RO         1878    i.cpt_crc32_compute  cpt_math.o
    0x0002320c   0x0002320c   0x00000024   Code   RO         1879    i.cpt_num_array_2_int  cpt_math.o
    0x00023230   0x00023230   0x0000001e   Code   RO         1880    i.cpt_reverse_byte  cpt_math.o
    0x0002324e   0x0002324e   0x00000008   Code   RO         3886    i.cpu_idle_sleep    icu.o
    0x00023256   0x00023256   0x00000002   PAD
    0x00023258   0x00023258   0x00000054   Code   RO         3887    i.cpu_reduce_voltage_sleep  icu.o
    0x000232ac   0x000232ac   0x00000040   Code   RO         3888    i.cpu_wakeup        icu.o
    0x000232ec   0x000232ec   0x0000001c   Code   RO         2443    i.create_byte_str   fpe_str.o
    0x00023308   0x00023308   0x000000d4   Code   RO         6275    i.data_2_klvlist    tuya_ble_sdk_bk3431q.lib(tuya_ble_mutli_tsf_protocol.o)
    0x000233dc   0x000233dc   0x0000029c   Code   RO         2330    i.decrypt           ff1.o
    0x00023678   0x00023678   0x0000000a   Code   RO          573    i.delay_report_outtime_cb  lock_timer.o
    0x00023682   0x00023682   0x00000008   Code   RO          574    i.delay_report_outtime_cb_handler  lock_timer.o
    0x0002368a   0x0002368a   0x00000002   PAD
    0x0002368c   0x0002368c   0x00000030   Code   RO          480    i.delay_report_outtime_handler  lock_dp_report.o
    0x000236bc   0x000236bc   0x00000180   Code   RO         2668    i.elog_hexdump      elog.o
    0x0002383c   0x0002383c   0x00000028   Code   RO         2669    i.elog_init         elog.o
    0x00023864   0x00023864   0x00000350   Code   RO         2670    i.elog_output       elog.o
    0x00023bb4   0x00023bb4   0x0000001c   Code   RO         2671    i.elog_output_lock  elog.o
    0x00023bd0   0x00023bd0   0x0000002c   Code   RO         2672    i.elog_output_lock_enabled  elog.o
    0x00023bfc   0x00023bfc   0x0000001c   Code   RO         2673    i.elog_output_unlock  elog.o
    0x00023c18   0x00023c18   0x00000010   Code   RO         2836    i.elog_port_get_p_info  elog_port.o
    0x00023c28   0x00023c28   0x0000000c   Code   RO         2837    i.elog_port_get_t_info  elog_port.o
    0x00023c34   0x00023c34   0x00000010   Code   RO         2838    i.elog_port_get_time  elog_port.o
    0x00023c44   0x00023c44   0x00000004   Code   RO         2839    i.elog_port_init    elog_port.o
    0x00023c48   0x00023c48   0x00000014   Code   RO         2840    i.elog_port_output  elog_port.o
    0x00023c5c   0x00023c5c   0x00000008   Code   RO         2841    i.elog_port_output_lock  elog_port.o
    0x00023c64   0x00023c64   0x00000008   Code   RO         2842    i.elog_port_output_unlock  elog_port.o
    0x00023c6c   0x00023c6c   0x000000cc   Code   RO         2677    i.elog_set_filter_lvl  elog.o
    0x00023d38   0x00023d38   0x000000d8   Code   RO         2679    i.elog_set_fmt      elog.o
    0x00023e10   0x00023e10   0x000000a0   Code   RO         2681    i.elog_start        elog.o
    0x00023eb0   0x00023eb0   0x00000114   Code   RO         2813    i.elog_strcpy       elog_utils.o
    0x00023fc4   0x00023fc4   0x00000018   Code   RO         4181    i.emi_init          emi.o
    0x00023fdc   0x00023fdc   0x00000084   Code   RO         1243    i.factory_test_process  app_test.o
    0x00024060   0x00024060   0x0000000e   Code   RO         4876    i.fff0s_cleanup     fff0s.o
    0x0002406e   0x0002406e   0x0000000e   Code   RO         4877    i.fff0s_create      fff0s.o
    0x0002407c   0x0002407c   0x0000001c   Code   RO         4878    i.fff0s_destroy     fff0s.o
    0x00024098   0x00024098   0x00000004   Code   RO         5080    i.fff0s_fff1_level_ntf_cfg_ind_handler  app_fff0.o
    0x0002409c   0x0002409c   0x00000038   Code   RO         4942    i.fff0s_fff1_level_upd_req_handler  fff0s_task.o
    0x000240d4   0x000240d4   0x00000032   Code   RO         4879    i.fff0s_get_att_handle  fff0s.o
    0x00024106   0x00024106   0x0000003e   Code   RO         4880    i.fff0s_get_att_idx  fff0s.o
    0x00024144   0x00024144   0x000000b0   Code   RO         4881    i.fff0s_init        fff0s.o
    0x000241f4   0x000241f4   0x00000040   Code   RO         4882    i.fff0s_notify_fff1_lvl  fff0s.o
    0x00024234   0x00024234   0x00000008   Code   RO         4883    i.fff0s_prf_itf_get  fff0s.o
    0x0002423c   0x0002423c   0x00000004   Code   RO         5081    i.fff1_level_upd_handler  app_fff0.o
    0x00024240   0x00024240   0x00000010   Code   RO         5082    i.fff2_writer_req_handler  app_fff0.o
    0x00024250   0x00024250   0x0000007c   Code   RO         4045    i.flash_advance_init  flash.o
    0x000242cc   0x000242cc   0x000000b8   Code   RO         4046    i.flash_erase       flash.o
    0x00024384   0x00024384   0x0000003c   Code   RO         4047    i.flash_erase_sector  flash.o
    0x000243c0   0x000243c0   0x0000002c   Code   RO         4048    i.flash_init        flash.o
    0x000243ec   0x000243ec   0x0000002e   Code   RO         4049    i.flash_read        flash.o
    0x0002441a   0x0002441a   0x00000002   PAD
    0x0002441c   0x0002441c   0x0000008c   Code   RO         4050    i.flash_read_data   flash.o
    0x000244a8   0x000244a8   0x00000024   Code   RO         4051    i.flash_read_sr     flash.o
    0x000244cc   0x000244cc   0x00000024   Code   RO         4052    i.flash_set_dual_mode  flash.o
    0x000244f0   0x000244f0   0x00000060   Code   RO         4056    i.flash_wp_ALL      flash.o
    0x00024550   0x00024550   0x00000060   Code   RO         4057    i.flash_wp_NONE     flash.o
    0x000245b0   0x000245b0   0x0000007c   Code   RO         4058    i.flash_write       flash.o
    0x0002462c   0x0002462c   0x000000d8   Code   RO         4059    i.flash_write_data  flash.o
    0x00024704   0x00024704   0x000000d0   Code   RO         4060    i.flash_write_sr    flash.o
    0x000247d4   0x000247d4   0x00000070   Code   RO         2393    i.fpe_decrypt       fpe_decrypt.o
    0x00024844   0x00024844   0x00000012   Code   RO         2406    i.fpe_int_pow       fpe_math.o
    0x00024856   0x00024856   0x00000010   Code   RO         2407    i.fpe_mod           fpe_math.o
    0x00024866   0x00024866   0x00000020   Code   RO         2408    i.fpe_mod_pow       fpe_math.o
    0x00024886   0x00024886   0x00000056   Code   RO         2409    i.fpe_mod_pow_radix  fpe_math.o
    0x000248dc   0x000248dc   0x0000001c   Code   RO         6277    i.free_klv_list     tuya_ble_sdk_bk3431q.lib(tuya_ble_mutli_tsf_protocol.o)
    0x000248f8   0x000248f8   0x0000015c   Code   RO         5158    i.gapc_cmp_evt_handler  app_task.o
    0x00024a54   0x00024a54   0x00000094   Code   RO         5159    i.gapc_connection_req_ind_handler  app_task.o
    0x00024ae8   0x00024ae8   0x00000078   Code   RO         5160    i.gapc_disconnect_ind_handler  app_task.o
    0x00024b60   0x00024b60   0x00000070   Code   RO         5161    i.gapc_get_dev_info_req_ind_handler  app_task.o
    0x00024bd0   0x00024bd0   0x000000f4   Code   RO         5162    i.gapc_le_pkt_size_ind_handler  app_task.o
    0x00024cc4   0x00024cc4   0x00000064   Code   RO         5163    i.gapc_param_update_req_ind_handler  app_task.o
    0x00024d28   0x00024d28   0x000000b0   Code   RO         5164    i.gapc_param_updated_ind_handler  app_task.o
    0x00024dd8   0x00024dd8   0x00000024   Code   RO         5165    i.gapc_set_dev_info_req_ind_handler  app_task.o
    0x00024dfc   0x00024dfc   0x00000118   Code   RO         5166    i.gapm_cmp_evt_handler  app_task.o
    0x00024f14   0x00024f14   0x00000020   Code   RO         5167    i.gapm_device_ready_ind_handler  app_task.o
    0x00024f34   0x00024f34   0x0000000c   Code   RO         5168    i.gapm_profile_added_ind_handler  app_task.o
    0x00024f40   0x00024f40   0x00000050   Code   RO         4943    i.gattc_att_info_req_ind_handler  fff0s_task.o
    0x00024f90   0x00024f90   0x00000022   Code   RO         4944    i.gattc_cmp_evt_handler  fff0s_task.o
    0x00024fb2   0x00024fb2   0x00000002   PAD
    0x00024fb4   0x00024fb4   0x00000078   Code   RO         5169    i.gattc_mtu_changed_ind_handler  app_task.o
    0x0002502c   0x0002502c   0x00000090   Code   RO         4945    i.gattc_read_req_ind_handler  fff0s_task.o
    0x000250bc   0x000250bc   0x000000d8   Code   RO         4946    i.gattc_write_req_ind_handler  fff0s_task.o
    0x00025194   0x00025194   0x0000002c   Code   RO         4061    i.get_flash_ID      flash.o
    0x000251c0   0x000251c0   0x000000dc   Code   RO         2682    i.get_fmt_enabled   elog.o
    0x0002529c   0x0002529c   0x000000f8   Code   RO          700    i.get_timer_string  lock_dynamic_pwd.o
    0x00025394   0x00025394   0x00000004   Code   RO         6281    i.get_trsmitr_subpkg  tuya_ble_sdk_bk3431q.lib(tuya_ble_mutli_tsf_protocol.o)
    0x00025398   0x00025398   0x00000004   Code   RO         6282    i.get_trsmitr_subpkg_len  tuya_ble_sdk_bk3431q.lib(tuya_ble_mutli_tsf_protocol.o)
    0x0002539c   0x0002539c   0x00000034   Code   RO         3958    i.gpio_isr          gpio.o
    0x000253d0   0x000253d0   0x0000000c   Code   RO         3889    i.icu_get_sleep_mode  icu.o
    0x000253dc   0x000253dc   0x0000005c   Code   RO         3890    i.icu_init          icu.o
    0x00025438   0x00025438   0x00000128   Code   RO         4612    i.init_analog_xvr_reg  rf_xvr.o
    0x00025560   0x00025560   0x0000017c   Code   RO         4613    i.initial_xver_BK3435V2_openLoop  rf_xvr.o
    0x000256dc   0x000256dc   0x00000024   Code   RO         4225    i.intc_init         intc.o
    0x00025700   0x00025700   0x00000052   Code   RO          797    i.is_offline_pwd_exist  lock_offline_pwd.o
    0x00025752   0x00025752   0x00000002   PAD
    0x00025754   0x00025754   0x00000124   Code   RO         4614    i.kmod_calibration  rf_xvr.o
    0x00025878   0x00025878   0x00000038   Code   RO          481    i.lock_alarm_record_report  lock_dp_report.o
    0x000258b0   0x000258b0   0x0000004c   Code   RO            5    i.lock_common_init  lock_common.o
    0x000258fc   0x000258fc   0x00000728   Code   RO          397    i.lock_dp_parser_handler  lock_dp_parser.o
    0x00026024   0x00026024   0x00000020   Code   RO          703    i.lock_dynamic_pwd_verify  lock_dynamic_pwd.o
    0x00026044   0x00026044   0x00000014   Code   RO          944    i.lock_evt_delete   app_flash.o
    0x00026058   0x00026058   0x00000016   Code   RO          946    i.lock_evt_load     app_flash.o
    0x0002606e   0x0002606e   0x00000002   PAD
    0x00026070   0x00026070   0x000000d8   Code   RO          947    i.lock_evt_save     app_flash.o
    0x00026148   0x00026148   0x00000018   Code   RO          948    i.lock_evtid_load   app_flash.o
    0x00026160   0x00026160   0x00000010   Code   RO          949    i.lock_evtid_save   app_flash.o
    0x00026170   0x00026170   0x00000010   Code   RO            6    i.lock_factory_handler  lock_common.o
    0x00026180   0x00026180   0x0000000a   Code   RO          950    i.lock_flash_erease_all  app_flash.o
    0x0002618a   0x0002618a   0x00000002   PAD
    0x0002618c   0x0002618c   0x0000005c   Code   RO          951    i.lock_flash_init   app_flash.o
    0x000261e8   0x000261e8   0x0000003c   Code   RO          952    i.lock_get_hardid   app_flash.o
    0x00026224   0x00026224   0x00000020   Code   RO          482    i.lock_hard_creat_sub_report  lock_dp_report.o
    0x00026244   0x00026244   0x00000024   Code   RO          483    i.lock_hard_creat_sub_report_with_delay  lock_dp_report.o
    0x00026268   0x00026268   0x00000034   Code   RO          954    i.lock_hard_delete  app_flash.o
    0x0002629c   0x0002629c   0x00000070   Code   RO          956    i.lock_hard_delete_all_by_memberid  app_flash.o
    0x0002630c   0x0002630c   0x00000002   Code   RO          324    i.lock_hard_doorcard_cancel_reg  lock_hard.o
    0x0002630e   0x0002630e   0x00000004   Code   RO          325    i.lock_hard_doorcard_delete  lock_hard.o
    0x00026312   0x00026312   0x00000002   Code   RO          326    i.lock_hard_doorcard_start_reg  lock_hard.o
    0x00026314   0x00026314   0x00000002   Code   RO          327    i.lock_hard_face_cancel_reg  lock_hard.o
    0x00026316   0x00026316   0x00000004   Code   RO          328    i.lock_hard_face_delete  lock_hard.o
    0x0002631a   0x0002631a   0x00000002   Code   RO          329    i.lock_hard_face_start_reg  lock_hard.o
    0x0002631c   0x0002631c   0x00000002   Code   RO          330    i.lock_hard_finger_cancel_reg  lock_hard.o
    0x0002631e   0x0002631e   0x00000004   Code   RO          331    i.lock_hard_finger_delete  lock_hard.o
    0x00026322   0x00026322   0x00000002   Code   RO          332    i.lock_hard_finger_start_reg  lock_hard.o
    0x00026324   0x00026324   0x0000001e   Code   RO          957    i.lock_hard_freezeorunfreeze  app_flash.o
    0x00026342   0x00026342   0x00000002   PAD
    0x00026344   0x00026344   0x0000004c   Code   RO          958    i.lock_hard_freezeorunfreeze_all_by_memberid  app_flash.o
    0x00026390   0x00026390   0x00000018   Code   RO          959    i.lock_hard_load    app_flash.o
    0x000263a8   0x000263a8   0x00000054   Code   RO          961    i.lock_hard_modify_all_by_memberid  app_flash.o
    0x000263fc   0x000263fc   0x00000094   Code   RO          962    i.lock_hard_modify_in_local_flash  app_flash.o
    0x00026490   0x00026490   0x00000038   Code   RO          963    i.lock_hard_save    app_flash.o
    0x000264c8   0x000264c8   0x000000a4   Code   RO          964    i.lock_hard_save_in_local_flash  app_flash.o
    0x0002656c   0x0002656c   0x0000070c   Code   RO          333    i.lock_hard_uart_simulate  lock_hard.o
    0x00026c78   0x00026c78   0x0000006c   Code   RO          966    i.lock_hardid_load_by_memberid  app_flash.o
    0x00026ce4   0x00026ce4   0x0000000c   Code   RO          967    i.lock_last_evtid   app_flash.o
    0x00026cf0   0x00026cf0   0x000000fc   Code   RO          484    i.lock_offline_evt_report  lock_dp_report.o
    0x00026dec   0x00026dec   0x000001cc   Code   RO          798    i.lock_offline_pwd_calculate_T2_T3  lock_offline_pwd.o
    0x00026fb8   0x00026fb8   0x00000200   Code   RO          799    i.lock_offline_pwd_clear  lock_offline_pwd.o
    0x000271b8   0x000271b8   0x00000240   Code   RO          802    i.lock_offline_pwd_find  lock_offline_pwd.o
    0x000273f8   0x000273f8   0x00000094   Code   RO          803    i.lock_offline_pwd_get_T0  lock_offline_pwd.o
    0x0002748c   0x0002748c   0x0000001e   Code   RO          804    i.lock_offline_pwd_load  lock_offline_pwd.o
    0x000274aa   0x000274aa   0x0000001e   Code   RO          805    i.lock_offline_pwd_save  lock_offline_pwd.o
    0x000274c8   0x000274c8   0x000000cc   Code   RO          806    i.lock_offline_pwd_set_T0  lock_offline_pwd.o
    0x00027594   0x00027594   0x00000070   Code   RO          807    i.lock_offline_pwd_storage_calculate_T2_T3  lock_offline_pwd.o
    0x00027604   0x00027604   0x0000058c   Code   RO          808    i.lock_offline_pwd_verify  lock_offline_pwd.o
    0x00027b90   0x00027b90   0x00000160   Code   RO          485    i.lock_open_meth_sync_new_report  lock_dp_report.o
    0x00027cf0   0x00027cf0   0x00000038   Code   RO          486    i.lock_open_record_combine_report  lock_dp_report.o
    0x00027d28   0x00027d28   0x00000054   Code   RO          487    i.lock_open_record_report  lock_dp_report.o
    0x00027d7c   0x00027d7c   0x00000040   Code   RO          488    i.lock_open_record_report_offline_pwd  lock_dp_report.o
    0x00027dbc   0x00027dbc   0x0000001c   Code   RO          489    i.lock_open_record_report_with_delay  lock_dp_report.o
    0x00027dd8   0x00027dd8   0x00000088   Code   RO            7    i.lock_open_with_bt  lock_common.o
    0x00027e60   0x00027e60   0x00000090   Code   RO            8    i.lock_open_with_nopwd_remote  lock_common.o
    0x00027ef0   0x00027ef0   0x0000009c   Code   RO            9    i.lock_remote_anti_lock  lock_common.o
    0x00027f8c   0x00027f8c   0x00000044   Code   RO          969    i.lock_settings_default  app_flash.o
    0x00027fd0   0x00027fd0   0x00000014   Code   RO          971    i.lock_settings_load  app_flash.o
    0x00027fe4   0x00027fe4   0x00000014   Code   RO          972    i.lock_settings_save  app_flash.o
    0x00027ff8   0x00027ff8   0x00000084   Code   RO          490    i.lock_state_sync_report  lock_dp_report.o
    0x0002807c   0x0002807c   0x00000088   Code   RO          874    i.lock_test_mode_exit  lock_test.o
    0x00028104   0x00028104   0x00000348   Code   RO          875    i.lock_test_process  lock_test.o
    0x0002844c   0x0002844c   0x00000050   Code   RO          876    i.lock_test_rsp     lock_test.o
    0x0002849c   0x0002849c   0x000000c8   Code   RO          575    i.lock_timer_creat  lock_timer.o
    0x00028564   0x00028564   0x0000001c   Code   RO          577    i.lock_timer_start  lock_timer.o
    0x00028580   0x00028580   0x0000001c   Code   RO          578    i.lock_timer_stop   lock_timer.o
    0x0002859c   0x0002859c   0x00000090   Code   RO         2089    i.mbedtls_aes_crypt_cbc  aes.o
    0x0002862c   0x0002862c   0x0000001c   Code   RO         2092    i.mbedtls_aes_crypt_ecb  aes.o
    0x00028648   0x00028648   0x00000010   Code   RO         2095    i.mbedtls_aes_free  aes.o
    0x00028658   0x00028658   0x0000000c   Code   RO         2096    i.mbedtls_aes_init  aes.o
    0x00028664   0x00028664   0x000000d0   Code   RO         2097    i.mbedtls_aes_setkey_dec  aes.o
    0x00028734   0x00028734   0x0000019c   Code   RO         2098    i.mbedtls_aes_setkey_enc  aes.o
    0x000288d0   0x000288d0   0x00000408   Code   RO         2099    i.mbedtls_internal_aes_decrypt  aes.o
    0x00028cd8   0x00028cd8   0x0000040c   Code   RO         2100    i.mbedtls_internal_aes_encrypt  aes.o
    0x000290e4   0x000290e4   0x00000848   Code   RO         2191    i.mbedtls_internal_md5_process  md5.o
    0x0002992c   0x0002992c   0x00000008   Code   RO         2194    i.mbedtls_md5_finish  md5.o
    0x00029934   0x00029934   0x000000de   Code   RO         2195    i.mbedtls_md5_finish_ret  md5.o
    0x00029a12   0x00029a12   0x0000000e   Code   RO         2196    i.mbedtls_md5_free  md5.o
    0x00029a20   0x00029a20   0x0000000a   Code   RO         2197    i.mbedtls_md5_init  md5.o
    0x00029a2a   0x00029a2a   0x00000008   Code   RO         2200    i.mbedtls_md5_starts  md5.o
    0x00029a32   0x00029a32   0x00000002   PAD
    0x00029a34   0x00029a34   0x00000028   Code   RO         2201    i.mbedtls_md5_starts_ret  md5.o
    0x00029a5c   0x00029a5c   0x00000008   Code   RO         2202    i.mbedtls_md5_update  md5.o
    0x00029a64   0x00029a64   0x0000007c   Code   RO         2203    i.mbedtls_md5_update_ret  md5.o
    0x00029ae0   0x00029ae0   0x00000010   Code   RO         2291    i.mbedtls_platform_zeroize  platform_util.o
    0x00029af0   0x00029af0   0x00000050   Code   RO         2444    i.num_str_concatenate  fpe_str.o
    0x00029b40   0x00029b40   0x00000040   Code   RO         2445    i.num_str_copy_of_range  fpe_str.o
    0x00029b80   0x00029b80   0x0000001e   Code   RO         2446    i.num_str_to_num    fpe_str.o
    0x00029b9e   0x00029b9e   0x00000036   Code   RO         2447    i.num_to_num_str    fpe_str.o
    0x00029bd4   0x00029bd4   0x0000000a   Code   RO         2513    i.nv_erase          sf_nv.o
    0x00029bde   0x00029bde   0x00000002   PAD
    0x00029be0   0x00029be0   0x000000d4   Code   RO         2514    i.nv_read           sf_nv.o
    0x00029cb4   0x00029cb4   0x000000d8   Code   RO         2515    i.nv_write          sf_nv.o
    0x00029d8c   0x00029d8c   0x0000040c   Code   RO          398    i.open_meth_creat_handler  lock_dp_parser.o
    0x0002a198   0x0002a198   0x0000019c   Code   RO          399    i.open_meth_delete_handler  lock_dp_parser.o
    0x0002a334   0x0002a334   0x00000020   Code   RO          400    i.open_meth_freeze_or_unfreeze_handler  lock_dp_parser.o
    0x0002a354   0x0002a354   0x00000164   Code   RO          401    i.open_meth_modify_handler  lock_dp_parser.o
    0x0002a4b8   0x0002a4b8   0x00000174   Code   RO          402    i.open_meth_sync_handler  lock_dp_parser.o
    0x0002a62c   0x0002a62c   0x0000007c   Code   RO          403    i.open_meth_sync_new_handler  lock_dp_parser.o
    0x0002a6a8   0x0002a6a8   0x000001bc   Code   RO          404    i.open_with_nopwd_remote_handler  lock_dp_parser.o
    0x0002a864   0x0002a864   0x000000d8   Code   RO          405    i.open_with_nopwd_remote_setkey_handler  lock_dp_parser.o
    0x0002a93c   0x0002a93c   0x0000006c   Code   RO         3345    i.platform_reset    arch_main.o
    0x0002a9a8   0x0002a9a8   0x00000eb4   Code   RO         6377    i.pow               m_5s.l(pow.o)
    0x0002b85c   0x0002b85c   0x00000088   Code   RO         2374    i.prf               fpe_cipher.o
    0x0002b8e4   0x0002b8e4   0x00000088   Code   RO         4774    i.prf_add_profile   prf.o
    0x0002b96c   0x0002b96c   0x00000034   Code   RO         4775    i.prf_cleanup       prf.o
    0x0002b9a0   0x0002b9a0   0x00000030   Code   RO         4776    i.prf_create        prf.o
    0x0002b9d0   0x0002b9d0   0x00000010   Code   RO         4777    i.prf_dst_task_get  prf.o
    0x0002b9e0   0x0002b9e0   0x00000030   Code   RO         4778    i.prf_env_get       prf.o
    0x0002ba10   0x0002ba10   0x00000038   Code   RO         4779    i.prf_get_id_from_task  prf.o
    0x0002ba48   0x0002ba48   0x00000038   Code   RO         4780    i.prf_get_task_from_id  prf.o
    0x0002ba80   0x0002ba80   0x00000074   Code   RO         4781    i.prf_init          prf.o
    0x0002baf4   0x0002baf4   0x00000014   Code   RO         4782    i.prf_itf_get       prf.o
    0x0002bb08   0x0002bb08   0x00000010   Code   RO         4783    i.prf_src_task_get  prf.o
    0x0002bb18   0x0002bb18   0x00000044   Code   RO         5780    i.prvHeapInit       tuya_ble_sdk_bk3431q.lib(tuya_ble_heap.o)
    0x0002bb5c   0x0002bb5c   0x0000004c   Code   RO         5781    i.prvInsertBlockIntoFreeList  tuya_ble_sdk_bk3431q.lib(tuya_ble_heap.o)
    0x0002bba8   0x0002bba8   0x00000098   Code   RO         5782    i.pvTuyaPortMalloc  tuya_ble_sdk_bk3431q.lib(tuya_ble_heap.o)
    0x0002bc40   0x0002bc40   0x0000000c   Code   RO         2448    i.release_str       fpe_str.o
    0x0002bc4c   0x0002bc4c   0x0000000a   Code   RO          579    i.reset_with_disconn2_outtime_cb  lock_timer.o
    0x0002bc56   0x0002bc56   0x00000008   Code   RO          580    i.reset_with_disconn2_outtime_cb_handler  lock_timer.o
    0x0002bc5e   0x0002bc5e   0x0000000a   Code   RO          581    i.reset_with_disconn_outtime_cb  lock_timer.o
    0x0002bc68   0x0002bc68   0x0000000e   Code   RO          582    i.reset_with_disconn_outtime_cb_handler  lock_timer.o
    0x0002bc76   0x0002bc76   0x00000002   PAD
    0x0002bc78   0x0002bc78   0x00000014   Code   RO         4615    i.rf_force_agc_enable  rf_xvr.o
    0x0002bc8c   0x0002bc8c   0x00000048   Code   RO         4616    i.rf_init           rf_xvr.o
    0x0002bcd4   0x0002bcd4   0x00000002   Code   RO         4617    i.rf_reset          rf_xvr.o
    0x0002bcd6   0x0002bcd6   0x00000004   Code   RO         4618    i.rf_rpl_reg_rd     rf_xvr.o
    0x0002bcda   0x0002bcda   0x00000004   Code   RO         4619    i.rf_rpl_reg_wr     rf_xvr.o
    0x0002bcde   0x0002bcde   0x0000000a   Code   RO         4620    i.rf_rssi_convert   rf_xvr.o
    0x0002bce8   0x0002bce8   0x0000000e   Code   RO         4621    i.rf_sleep          rf_xvr.o
    0x0002bcf6   0x0002bcf6   0x00000004   Code   RO         4622    i.rf_txpwr_dbm_get  rf_xvr.o
    0x0002bcfa   0x0002bcfa   0x00000002   PAD
    0x0002bcfc   0x0002bcfc   0x000000a4   Code   RO         3347    i.rom_env_init      arch_main.o
    0x0002bda0   0x0002bda0   0x00000074   Code   RO         4708    i.rtc_alarm_init    rtc.o
    0x0002be14   0x0002be14   0x00000024   Code   RO         4714    i.rtc_isr           rtc.o
    0x0002be38   0x0002be38   0x00000068   Code   RO         3348    i.rw_app_enter      arch_main.o
    0x0002bea0   0x0002bea0   0x00000008   Ven    RO         3350    i.rw_main           arch_main.o
    0x0002bea8   0x0002bea8   0x0000018c   Code   RO         3350    i.rw_main           arch_main.o
    0x0002c034   0x0002c034   0x0000001c   Code   RO         3676    i.rwble_hl_init     rwble_hl.o
    0x0002c050   0x0002c050   0x0000001c   Code   RO         3677    i.rwble_hl_reset    rwble_hl.o
    0x0002c06c   0x0002c06c   0x0000001c   Code   RO         3529    i.rwble_init        rwble.o
    0x0002c088   0x0002c088   0x000000fc   Code   RO         3530    i.rwble_isr         rwble.o
    0x0002c184   0x0002c184   0x00000056   Code   RO         3531    i.rwble_reset       rwble.o
    0x0002c1da   0x0002c1da   0x00000002   PAD
    0x0002c1dc   0x0002c1dc   0x00000014   Code   RO         3532    i.rwble_sleep_check  rwble.o
    0x0002c1f0   0x0002c1f0   0x00000022   Code   RO         3712    i.rwip_check_wakeup_boundary  rwip.o
    0x0002c212   0x0002c212   0x00000002   PAD
    0x0002c214   0x0002c214   0x00000028   Code   RO         3351    i.rwip_eif_api_init  arch_main.o
    0x0002c23c   0x0002c23c   0x00000014   Code   RO         3352    i.rwip_eif_get      arch_main.o
    0x0002c250   0x0002c250   0x000000d4   Code   RO         3714    i.rwip_init         rwip.o
    0x0002c324   0x0002c324   0x00000030   Code   RO         3715    i.rwip_prevent_sleep_clear  rwip.o
    0x0002c354   0x0002c354   0x00000030   Code   RO         3717    i.rwip_prevent_sleep_set  rwip.o
    0x0002c384   0x0002c384   0x0000003c   Code   RO         3718    i.rwip_reset        rwip.o
    0x0002c3c0   0x0002c3c0   0x00000014   Code   RO         3719    i.rwip_schedule     rwip.o
    0x0002c3d4   0x0002c3d4   0x0000009c   Code   RO         3720    i.rwip_sleep        rwip.o
    0x0002c470   0x0002c470   0x00000024   Code   RO         3722    i.rwip_sleep_lpcycles_2_us  rwip.o
    0x0002c494   0x0002c494   0x00000010   Code   RO         3723    i.rwip_us_2_lpcycles  rwip.o
    0x0002c4a4   0x0002c4a4   0x00000012   Code   RO         3725    i.rwip_wakeup       rwip.o
    0x0002c4b6   0x0002c4b6   0x00000002   PAD
    0x0002c4b8   0x0002c4b8   0x00000010   Code   RO         3726    i.rwip_wakeup_delay_set  rwip.o
    0x0002c4c8   0x0002c4c8   0x00000028   Code   RO         3727    i.rwip_wakeup_end   rwip.o
    0x0002c4f0   0x0002c4f0   0x00000034   Code   RO         2636    i.sd_free           sf_mem.o
    0x0002c524   0x0002c524   0x00000050   Code   RO         2637    i.sd_malloc         sf_mem.o
    0x0002c574   0x0002c574   0x0000001c   Code   RO         2638    i.sd_mem_init       sf_mem.o
    0x0002c590   0x0002c590   0x00000030   Code   RO         4062    i.set_flash_clk     flash.o
    0x0002c5c0   0x0002c5c0   0x0000000e   Code   RO         2582    i.sf_free           sf_port.o
    0x0002c5ce   0x0002c5ce   0x00000008   Code   RO         2585    i.sf_malloc         sf_port.o
    0x0002c5d6   0x0002c5d6   0x00000008   Code   RO         2586    i.sf_mem_init       sf_port.o
    0x0002c5de   0x0002c5de   0x00000002   PAD
    0x0002c5e0   0x0002c5e0   0x00000020   Code   RO         2516    i.sf_next_unit_addr  sf_nv.o
    0x0002c600   0x0002c600   0x000000b4   Code   RO         2517    i.sf_nv_delete      sf_nv.o
    0x0002c6b4   0x0002c6b4   0x00000170   Code   RO         2518    i.sf_nv_init        sf_nv.o
    0x0002c824   0x0002c824   0x000000d4   Code   RO         2519    i.sf_nv_read        sf_nv.o
    0x0002c8f8   0x0002c8f8   0x0000030c   Code   RO         2521    i.sf_nv_write       sf_nv.o
    0x0002cc04   0x0002cc04   0x0000000a   Code   RO         2587    i.sf_port_flash_erase  sf_port.o
    0x0002cc0e   0x0002cc0e   0x0000000a   Code   RO         2588    i.sf_port_flash_read  sf_port.o
    0x0002cc18   0x0002cc18   0x0000000a   Code   RO         2589    i.sf_port_flash_write  sf_port.o
    0x0002cc22   0x0002cc22   0x00000002   PAD
    0x0002cc24   0x0002cc24   0x00000064   Code   RO         6391    i.sqrt              m_5s.l(sqrt.o)
    0x0002cc88   0x0002cc88   0x00000068   Code   RO         3892    i.switch_clk        icu.o
    0x0002ccf0   0x0002ccf0   0x0000000c   Code   RO         3353    i.sys_mode_init     arch_main.o
    0x0002ccfc   0x0002ccfc   0x00000022   Code   RO         1571    i.sys_settings_crc_ok  tuya_ble_storage.o
    0x0002cd1e   0x0002cd1e   0x00000002   PAD
    0x0002cd20   0x0002cd20   0x0000001c   Code   RO         3893    i.system_sleep_init  icu.o
    0x0002cd3c   0x0002cd3c   0x000000f4   Code   RO          406    i.temp_pw_creat_handler  lock_dp_parser.o
    0x0002ce30   0x0002ce30   0x000000e4   Code   RO          407    i.temp_pw_delete_handler  lock_dp_parser.o
    0x0002cf14   0x0002cf14   0x000000e4   Code   RO          408    i.temp_pw_modify_handler  lock_dp_parser.o
    0x0002cff8   0x0002cff8   0x00000002   Code   RO         4345    i.timer_init        timer.o
    0x0002cffa   0x0002cffa   0x0000002e   Code   RO         2449    i.to_byte_str       fpe_str.o
    0x0002d028   0x0002d028   0x00000048   Code   RO         2450    i.to_byte_str_with_bignum  fpe_str.o
    0x0002d070   0x0002d070   0x0000000a   Code   RO         6285    i.trsmitr_init      tuya_ble_sdk_bk3431q.lib(tuya_ble_mutli_tsf_protocol.o)
    0x0002d07a   0x0002d07a   0x0000010c   Code   RO         6286    i.trsmitr_recv_pkg_decode  tuya_ble_sdk_bk3431q.lib(tuya_ble_mutli_tsf_protocol.o)
    0x0002d186   0x0002d186   0x00000002   PAD
    0x0002d188   0x0002d188   0x000000fc   Code   RO         6287    i.trsmitr_send_pkg_encode  tuya_ble_sdk_bk3431q.lib(tuya_ble_mutli_tsf_protocol.o)
    0x0002d284   0x0002d284   0x00000044   Code   RO         6181    i.tuya_ble_Add_Pkcs  tuya_ble_sdk_bk3431q.lib(tuya_ble_cryption_api.o)
    0x0002d2c8   0x0002d2c8   0x000000f8   Code   RO         5836    i.tuya_ble_adv_change  tuya_ble_sdk_bk3431q.lib(tuya_ble_main.o)
    0x0002d3c0   0x0002d3c0   0x00000042   Code   RO         1660    i.tuya_ble_aes128_cbc_decrypt  tuya_ble_port_bk3431q.o
    0x0002d402   0x0002d402   0x00000042   Code   RO         1661    i.tuya_ble_aes128_cbc_encrypt  tuya_ble_port_bk3431q.o
    0x0002d444   0x0002d444   0x0000004c   Code   RO         1663    i.tuya_ble_aes128_ecb_encrypt  tuya_ble_port_bk3431q.o
    0x0002d490   0x0002d490   0x00000008   Code   RO         1664    i.tuya_ble_app_production_test_process  tuya_ble_port_bk3431q.o
    0x0002d498   0x0002d498   0x00000030   Code   RO         5329    i.tuya_ble_callback_queue_register  tuya_ble_sdk_bk3431q.lib(tuya_ble_api.o)
    0x0002d4c8   0x0002d4c8   0x0000002c   Code   RO         5837    i.tuya_ble_cb_event_send  tuya_ble_sdk_bk3431q.lib(tuya_ble_main.o)
    0x0002d4f4   0x0002d4f4   0x000001c8   Code   RO         5647    i.tuya_ble_commData_send  tuya_ble_sdk_bk3431q.lib(tuya_ble_data_handler.o)
    0x0002d6bc   0x0002d6bc   0x0000015c   Code   RO         5648    i.tuya_ble_commonData_rx_proc  tuya_ble_sdk_bk3431q.lib(tuya_ble_data_handler.o)
    0x0002d818   0x0002d818   0x00000002   Code   RO         5330    i.tuya_ble_connect_monitor_timer_start  tuya_ble_sdk_bk3431q.lib(tuya_ble_api.o)
    0x0002d81a   0x0002d81a   0x00000002   Code   RO         5331    i.tuya_ble_connect_monitor_timer_stop  tuya_ble_sdk_bk3431q.lib(tuya_ble_api.o)
    0x0002d81c   0x0002d81c   0x0000000c   Code   RO         5838    i.tuya_ble_connect_status_get  tuya_ble_sdk_bk3431q.lib(tuya_ble_main.o)
    0x0002d828   0x0002d828   0x00000018   Code   RO         5839    i.tuya_ble_connect_status_set  tuya_ble_sdk_bk3431q.lib(tuya_ble_main.o)
    0x0002d840   0x0002d840   0x00000016   Code   RO         5332    i.tuya_ble_connected_handler  tuya_ble_sdk_bk3431q.lib(tuya_ble_api.o)
    0x0002d856   0x0002d856   0x00000002   PAD
    0x0002d858   0x0002d858   0x0000003c   Code   RO         6022    i.tuya_ble_crc16_compute  tuya_ble_sdk_bk3431q.lib(tuya_ble_utils.o)
    0x0002d894   0x0002d894   0x0000003c   Code   RO         6023    i.tuya_ble_crc32_compute  tuya_ble_sdk_bk3431q.lib(tuya_ble_utils.o)
    0x0002d8d0   0x0002d8d0   0x00000038   Code   RO         5840    i.tuya_ble_custom_event_send  tuya_ble_sdk_bk3431q.lib(tuya_ble_main.o)
    0x0002d908   0x0002d908   0x0000009c   Code   RO         6182    i.tuya_ble_decryption  tuya_ble_sdk_bk3431q.lib(tuya_ble_cryption_api.o)
    0x0002d9a4   0x0002d9a4   0x00000008   Code   RO         1665    i.tuya_ble_device_delay_ms  tuya_ble_port_bk3431q.o
    0x0002d9ac   0x0002d9ac   0x00000008   Code   RO         1667    i.tuya_ble_device_enter_critical  tuya_ble_port_bk3431q.o
    0x0002d9b4   0x0002d9b4   0x00000008   Code   RO         1668    i.tuya_ble_device_exit_critical  tuya_ble_port_bk3431q.o
    0x0002d9bc   0x0002d9bc   0x0000001a   Code   RO         5334    i.tuya_ble_device_factory_reset  tuya_ble_sdk_bk3431q.lib(tuya_ble_api.o)
    0x0002d9d6   0x0002d9d6   0x00000002   PAD
    0x0002d9d8   0x0002d9d8   0x0000007c   Code   RO         6183    i.tuya_ble_device_id_encrypt  tuya_ble_sdk_bk3431q.lib(tuya_ble_cryption_api.o)
    0x0002da54   0x0002da54   0x0000000a   Code   RO         1669    i.tuya_ble_device_reset  tuya_ble_port_bk3431q.o
    0x0002da5e   0x0002da5e   0x00000002   PAD
    0x0002da60   0x0002da60   0x0000002c   Code   RO         5649    i.tuya_ble_device_unbond  tuya_ble_sdk_bk3431q.lib(tuya_ble_data_handler.o)
    0x0002da8c   0x0002da8c   0x00000016   Code   RO         5338    i.tuya_ble_disconnected_handler  tuya_ble_sdk_bk3431q.lib(tuya_ble_api.o)
    0x0002daa2   0x0002daa2   0x00000076   Code   RO         5339    i.tuya_ble_dp_data_report  tuya_ble_sdk_bk3431q.lib(tuya_ble_api.o)
    0x0002db18   0x0002db18   0x00000078   Code   RO         5340    i.tuya_ble_dp_data_with_time_report  tuya_ble_sdk_bk3431q.lib(tuya_ble_api.o)
    0x0002db90   0x0002db90   0x00000042   Code   RO         6184    i.tuya_ble_encrypt_old_with_key  tuya_ble_sdk_bk3431q.lib(tuya_ble_cryption_api.o)
    0x0002dbd2   0x0002dbd2   0x00000068   Code   RO         6185    i.tuya_ble_encryption  tuya_ble_sdk_bk3431q.lib(tuya_ble_cryption_api.o)
    0x0002dc3a   0x0002dc3a   0x00000002   PAD
    0x0002dc3c   0x0002dc3c   0x00000020   Code   RO         5841    i.tuya_ble_event_init  tuya_ble_sdk_bk3431q.lib(tuya_ble_main.o)
    0x0002dc5c   0x0002dc5c   0x000000fc   Code   RO         5842    i.tuya_ble_event_process  tuya_ble_sdk_bk3431q.lib(tuya_ble_main.o)
    0x0002dd58   0x0002dd58   0x00000014   Code   RO         6230    i.tuya_ble_event_queue_init  tuya_ble_sdk_bk3431q.lib(tuya_ble_event.o)
    0x0002dd6c   0x0002dd6c   0x00000020   Code   RO         5843    i.tuya_ble_event_send  tuya_ble_sdk_bk3431q.lib(tuya_ble_main.o)
    0x0002dd8c   0x0002dd8c   0x00000170   Code   RO         5650    i.tuya_ble_evt_process  tuya_ble_sdk_bk3431q.lib(tuya_ble_data_handler.o)
    0x0002defc   0x0002defc   0x0000000e   Code   RO         5944    i.tuya_ble_free     tuya_ble_sdk_bk3431q.lib(tuya_ble_mem.o)
    0x0002df0a   0x0002df0a   0x00000002   PAD
    0x0002df0c   0x0002df0c   0x00000020   Code   RO         1671    i.tuya_ble_gap_advertising_adv_data_update  tuya_ble_port_bk3431q.o
    0x0002df2c   0x0002df2c   0x00000020   Code   RO         1672    i.tuya_ble_gap_advertising_scan_rsp_data_update  tuya_ble_port_bk3431q.o
    0x0002df4c   0x0002df4c   0x0000000a   Code   RO         1673    i.tuya_ble_gap_disconnect  tuya_ble_port_bk3431q.o
    0x0002df56   0x0002df56   0x0000002e   Code   RO         5341    i.tuya_ble_gatt_receive_data  tuya_ble_sdk_bk3431q.lib(tuya_ble_api.o)
    0x0002df84   0x0002df84   0x00000010   Code   RO         1674    i.tuya_ble_gatt_send_data  tuya_ble_port_bk3431q.o
    0x0002df94   0x0002df94   0x0000009c   Code   RO         5651    i.tuya_ble_handle_ble_factory_test_req  tuya_ble_sdk_bk3431q.lib(tuya_ble_data_handler.o)
    0x0002e030   0x0002e030   0x00000060   Code   RO         5844    i.tuya_ble_handle_connect_change_evt  tuya_ble_sdk_bk3431q.lib(tuya_ble_main.o)
    0x0002e090   0x0002e090   0x000000c8   Code   RO         5652    i.tuya_ble_handle_dev_infor_req  tuya_ble_sdk_bk3431q.lib(tuya_ble_data_handler.o)
    0x0002e158   0x0002e158   0x00000034   Code   RO         5845    i.tuya_ble_handle_device_info_update_evt  tuya_ble_sdk_bk3431q.lib(tuya_ble_main.o)
    0x0002e18c   0x0002e18c   0x00000068   Code   RO         5653    i.tuya_ble_handle_device_reset_req  tuya_ble_sdk_bk3431q.lib(tuya_ble_data_handler.o)
    0x0002e1f4   0x0002e1f4   0x0000006c   Code   RO         5846    i.tuya_ble_handle_dp_data_with_time_reported_evt  tuya_ble_sdk_bk3431q.lib(tuya_ble_main.o)
    0x0002e260   0x0002e260   0x00000072   Code   RO         5654    i.tuya_ble_handle_dp_query_req  tuya_ble_sdk_bk3431q.lib(tuya_ble_data_handler.o)
    0x0002e2d2   0x0002e2d2   0x00000002   PAD
    0x0002e2d4   0x0002e2d4   0x000000c4   Code   RO         5655    i.tuya_ble_handle_dp_write_req  tuya_ble_sdk_bk3431q.lib(tuya_ble_data_handler.o)
    0x0002e398   0x0002e398   0x00000082   Code   RO         5656    i.tuya_ble_handle_net_config_info_req  tuya_ble_sdk_bk3431q.lib(tuya_ble_data_handler.o)
    0x0002e41a   0x0002e41a   0x00000070   Code   RO         5657    i.tuya_ble_handle_ota_req  tuya_ble_sdk_bk3431q.lib(tuya_ble_data_handler.o)
    0x0002e48a   0x0002e48a   0x0000004c   Code   RO         5847    i.tuya_ble_handle_ota_response_evt  tuya_ble_sdk_bk3431q.lib(tuya_ble_main.o)
    0x0002e4d6   0x0002e4d6   0x00000002   PAD
    0x0002e4d8   0x0002e4d8   0x000000f0   Code   RO         5658    i.tuya_ble_handle_pair_req  tuya_ble_sdk_bk3431q.lib(tuya_ble_data_handler.o)
    0x0002e5c8   0x0002e5c8   0x000000a4   Code   RO         5848    i.tuya_ble_handle_uart_cmd_evt  tuya_ble_sdk_bk3431q.lib(tuya_ble_main.o)
    0x0002e66c   0x0002e66c   0x0000006c   Code   RO         5659    i.tuya_ble_handle_unix_time_char_ms_resp  tuya_ble_sdk_bk3431q.lib(tuya_ble_data_handler.o)
    0x0002e6d8   0x0002e6d8   0x00000046   Code   RO         6029    i.tuya_ble_hextoascii  tuya_ble_sdk_bk3431q.lib(tuya_ble_utils.o)
    0x0002e71e   0x0002e71e   0x0000002a   Code   RO         5849    i.tuya_ble_inter_event_response  tuya_ble_sdk_bk3431q.lib(tuya_ble_main.o)
    0x0002e748   0x0002e748   0x0000000c   Code   RO         6030    i.tuya_ble_is_word_aligned_tuya  tuya_ble_sdk_bk3431q.lib(tuya_ble_utils.o)
    0x0002e754   0x0002e754   0x0000014c   Code   RO         6186    i.tuya_ble_key_generate  tuya_ble_sdk_bk3431q.lib(tuya_ble_cryption_api.o)
    0x0002e8a0   0x0002e8a0   0x0000001c   Code   RO         5660    i.tuya_ble_lock_test_rsp  tuya_ble_sdk_bk3431q.lib(tuya_ble_data_handler.o)
    0x0002e8bc   0x0002e8bc   0x00000008   Code   RO         5850    i.tuya_ble_main_tasks_exec  tuya_ble_sdk_bk3431q.lib(tuya_ble_main.o)
    0x0002e8c4   0x0002e8c4   0x00000016   Code   RO         5946    i.tuya_ble_malloc   tuya_ble_sdk_bk3431q.lib(tuya_ble_mem.o)
    0x0002e8da   0x0002e8da   0x00000034   Code   RO         1675    i.tuya_ble_md5_crypt  tuya_ble_port_bk3431q.o
    0x0002e90e   0x0002e90e   0x00000002   PAD
    0x0002e910   0x0002e910   0x00000010   Code   RO         6231    i.tuya_ble_message_send  tuya_ble_sdk_bk3431q.lib(tuya_ble_event.o)
    0x0002e920   0x0002e920   0x00000014   Code   RO         1676    i.tuya_ble_nv_erase  tuya_ble_port_bk3431q.o
    0x0002e934   0x0002e934   0x00000004   Code   RO         1677    i.tuya_ble_nv_init  tuya_ble_port_bk3431q.o
    0x0002e938   0x0002e938   0x0000000a   Code   RO         1678    i.tuya_ble_nv_read  tuya_ble_port_bk3431q.o
    0x0002e942   0x0002e942   0x0000000a   Code   RO         1679    i.tuya_ble_nv_write  tuya_ble_port_bk3431q.o
    0x0002e94c   0x0002e94c   0x0000006c   Code   RO         5343    i.tuya_ble_ota_response  tuya_ble_sdk_bk3431q.lib(tuya_ble_api.o)
    0x0002e9b8   0x0002e9b8   0x0000001c   Code   RO         5663    i.tuya_ble_pair_rand_clear  tuya_ble_sdk_bk3431q.lib(tuya_ble_data_handler.o)
    0x0002e9d4   0x0002e9d4   0x0000000c   Code   RO         5664    i.tuya_ble_pair_rand_valid_get  tuya_ble_sdk_bk3431q.lib(tuya_ble_data_handler.o)
    0x0002e9e0   0x0002e9e0   0x0000003a   Code   RO         1680    i.tuya_ble_rand_generator  tuya_ble_port_bk3431q.o
    0x0002ea1a   0x0002ea1a   0x00000002   PAD
    0x0002ea1c   0x0002ea1c   0x0000001c   Code   RO         5665    i.tuya_ble_reset_ble_sn  tuya_ble_sdk_bk3431q.lib(tuya_ble_data_handler.o)
    0x0002ea38   0x0002ea38   0x00000064   Code   RO         6232    i.tuya_ble_sched_event_put  tuya_ble_sdk_bk3431q.lib(tuya_ble_event.o)
    0x0002ea9c   0x0002ea9c   0x0000002c   Code   RO         6233    i.tuya_ble_sched_init  tuya_ble_sdk_bk3431q.lib(tuya_ble_event.o)
    0x0002eac8   0x0002eac8   0x00000104   Code   RO         5344    i.tuya_ble_sdk_init  tuya_ble_sdk_bk3431q.lib(tuya_ble_api.o)
    0x0002ebcc   0x0002ebcc   0x0000000c   Code   RO         5666    i.tuya_ble_set_device_version  tuya_ble_sdk_bk3431q.lib(tuya_ble_data_handler.o)
    0x0002ebd8   0x0002ebd8   0x0000004c   Code   RO         1572    i.tuya_ble_storage_init  tuya_ble_storage.o
    0x0002ec24   0x0002ec24   0x000000cc   Code   RO         1573    i.tuya_ble_storage_load_settings  tuya_ble_storage.o
    0x0002ecf0   0x0002ecf0   0x00000068   Code   RO         1575    i.tuya_ble_storage_save_auth_settings  tuya_ble_storage.o
    0x0002ed58   0x0002ed58   0x00000068   Code   RO         1576    i.tuya_ble_storage_save_sys_settings  tuya_ble_storage.o
    0x0002edc0   0x0002edc0   0x0000000a   Code   RO         1683    i.tuya_ble_timer_create  tuya_ble_port_bk3431q.o
    0x0002edca   0x0002edca   0x0000000a   Code   RO         1685    i.tuya_ble_timer_start  tuya_ble_port_bk3431q.o
    0x0002edd4   0x0002edd4   0x0000000a   Code   RO         1686    i.tuya_ble_timer_stop  tuya_ble_port_bk3431q.o
    0x0002edde   0x0002edde   0x00000002   Code   RO         6169    i.tuya_ble_uart_common_process  tuya_ble_sdk_bk3431q.lib(tuya_ble_app_uart_common_handler.o)
    0x0002ede0   0x0002ede0   0x000000f4   Code   RO         5345    i.tuya_ble_uart_data_unpack  tuya_ble_sdk_bk3431q.lib(tuya_ble_api.o)
    0x0002eed4   0x0002eed4   0x00000004   Code   RO         1687    i.tuya_ble_uart_init  tuya_ble_port_bk3431q.o
    0x0002eed8   0x0002eed8   0x00000088   Code   RO         5346    i.tuya_ble_uart_receive_data  tuya_ble_sdk_bk3431q.lib(tuya_ble_api.o)
    0x0002ef60   0x0002ef60   0x0000000a   Code   RO         1688    i.tuya_ble_uart_send_data  tuya_ble_port_bk3431q.o
    0x0002ef6a   0x0002ef6a   0x00000002   PAD
    0x0002ef6c   0x0002ef6c   0x00000088   Code   RO         5977    i.tuya_ble_utc_sec_2_mytime  tuya_ble_sdk_bk3431q.lib(tuya_ble_unix_time.o)
    0x0002eff4   0x0002eff4   0x00000044   Code   RO         6235    i.tuya_sched_execute  tuya_ble_sdk_bk3431q.lib(tuya_ble_event.o)
    0x0002f038   0x0002f038   0x00000030   Code   RO         1929    i.ty_string_op_hex2hexstr  cpt_string_op.o
    0x0002f068   0x0002f068   0x00000098   Code   RO         1930    i.ty_string_op_hex2int  cpt_string_op.o
    0x0002f100   0x0002f100   0x00000036   Code   RO         1931    i.ty_string_op_hexstr2hex  cpt_string_op.o
    0x0002f136   0x0002f136   0x0000005e   Code   RO         1933    i.ty_string_op_int2hex  cpt_string_op.o
    0x0002f194   0x0002f194   0x00000032   Code   RO         1934    i.ty_string_op_intstr2int  cpt_string_op.o
    0x0002f1c6   0x0002f1c6   0x00000008   Code   RO         3080    i.uart1_rx_handler  bk_uart.o
    0x0002f1ce   0x0002f1ce   0x00000002   PAD
    0x0002f1d0   0x0002f1d0   0x00000010   Code   RO         4394    i.uart2_cb_register  uart.o
    0x0002f1e0   0x0002f1e0   0x000000c4   Code   RO         4395    i.uart2_init        uart.o
    0x0002f2a4   0x0002f2a4   0x00000080   Code   RO         4396    i.uart2_isr         uart.o
    0x0002f324   0x0002f324   0x00000044   Code   RO         4397    i.uart2_printf      uart.o
    0x0002f368   0x0002f368   0x00000028   Code   RO         4399    i.uart2_putchar     uart.o
    0x0002f390   0x0002f390   0x00000008   Code   RO         3081    i.uart2_rx_handler  bk_uart.o
    0x0002f398   0x0002f398   0x00000010   Code   RO         4402    i.uart_cb_register  uart.o
    0x0002f3a8   0x0002f3a8   0x00000024   Code   RO         4403    i.uart_clear_rxfifo  uart.o
    0x0002f3cc   0x0002f3cc   0x0000001c   Code   RO         4404    i.uart_finish_transfers  uart.o
    0x0002f3e8   0x0002f3e8   0x00000004   Code   RO         4405    i.uart_flow_off     uart.o
    0x0002f3ec   0x0002f3ec   0x00000002   Code   RO         4406    i.uart_flow_on      uart.o
    0x0002f3ee   0x0002f3ee   0x00000002   PAD
    0x0002f3f0   0x0002f3f0   0x000000c4   Code   RO         4407    i.uart_init         uart.o
    0x0002f4b4   0x0002f4b4   0x000000f8   Code   RO         4408    i.uart_isr          uart.o
    0x0002f5ac   0x0002f5ac   0x00000044   Code   RO         4410    i.uart_printf       uart.o
    0x0002f5f0   0x0002f5f0   0x00000028   Code   RO         4412    i.uart_putchar      uart.o
    0x0002f618   0x0002f618   0x0000000c   Code   RO         4413    i.uart_read         uart.o
    0x0002f624   0x0002f624   0x00000020   Code   RO         4414    i.uart_send         uart.o
    0x0002f644   0x0002f644   0x00000048   Code   RO         4415    i.uart_write        uart.o
    0x0002f68c   0x0002f68c   0x0000006c   Code   RO         4063    i.udi_exchange_fdata_to_adjoining_next_sector  flash.o
    0x0002f6f8   0x0002f6f8   0x00000068   Code   RO         4064    i.udi_exchange_fdata_to_adjoining_previous_sector  flash.o
    0x0002f760   0x0002f760   0x00000034   Code   RO         2522    i.update_area_header  sf_nv.o
    0x0002f794   0x0002f794   0x00000020   Code   RO          409    i.user_freeze_or_unfreeze_handler  lock_dp_parser.o
    0x0002f7b4   0x0002f7b4   0x0000003c   Code   RO         5783    i.vTuyaPortFree     tuya_ble_sdk_bk3431q.lib(tuya_ble_heap.o)
    0x0002f7f0   0x0002f7f0   0x000001a4   Code   RO          708    i.verify_dynamic_pwd_token  lock_dynamic_pwd.o
    0x0002f994   0x0002f994   0x0000002c   Code   RO         4583    i.wdt_enable        wdt.o
    0x0002f9c0   0x0002f9c0   0x00000024   Code   RO         4584    i.wdt_feed          wdt.o
    0x0002f9e4   0x0002f9e4   0x00000044   Data   RO           10    .constdata          lock_common.o
    0x0002fa28   0x0002fa28   0x00000018   Data   RO          334    .constdata          lock_hard.o
    0x0002fa40   0x0002fa40   0x000000ea   Data   RO          411    .constdata          lock_dp_parser.o
    0x0002fb2a   0x0002fb2a   0x00000018   Data   RO          492    .constdata          lock_dp_report.o
    0x0002fb42   0x0002fb42   0x00000020   Data   RO          584    .constdata          lock_timer.o
    0x0002fb62   0x0002fb62   0x0000002a   Data   RO          709    .constdata          lock_dynamic_pwd.o
    0x0002fb8c   0x0002fb8c   0x00000096   Data   RO          809    .constdata          lock_offline_pwd.o
    0x0002fc22   0x0002fc22   0x0000003b   Data   RO          878    .constdata          lock_test.o
    0x0002fc5d   0x0002fc5d   0x00000021   Data   RO          906    .constdata          app_common.o
    0x0002fc7e   0x0002fc7e   0x0000000e   Data   RO          974    .constdata          app_flash.o
    0x0002fc8c   0x0002fc8c   0x00000083   Data   RO         1141    .constdata          app_ota.o
    0x0002fd0f   0x0002fd0f   0x00000061   Data   RO         1206    .constdata          app_active_report.o
    0x0002fd70   0x0002fd70   0x00000014   Data   RO         1245    .constdata          app_test.o
    0x0002fd84   0x0002fd84   0x00000049   Data   RO         1338    .constdata          app_port.o
    0x0002fdcd   0x0002fdcd   0x00000032   Data   RO         1581    .constdata          tuya_ble_storage.o
    0x0002fdff   0x0002fdff   0x00000001   PAD
    0x0002fe00   0x0002fe00   0x00000004   Data   RO         1881    .constdata          cpt_math.o
    0x0002fe04   0x0002fe04   0x00000010   Data   RO         2052    .constdata          sha1.o
    0x0002fe14   0x0002fe14   0x00002228   Data   RO         2101    .constdata          aes.o
    0x0003203c   0x0003203c   0x00000008   Data   RO         2375    .constdata          fpe_cipher.o
    0x00032044   0x00032044   0x00000010   Data   RO         2451    .constdata          fpe_str.o
    0x00032054   0x00032054   0x00000033   Data   RO         2524    .constdata          sf_nv.o
    0x00032087   0x00032087   0x0000008c   Data   RO         2684    .constdata          elog.o
    0x00032113   0x00032113   0x00000023   Data   RO         2814    .constdata          elog_utils.o
    0x00032136   0x00032136   0x0000005b   Data   RO         3355    .constdata          arch_main.o
    0x00032191   0x00032191   0x00000003   PAD
    0x00032194   0x00032194   0x00000040   Data   RO         4884    .constdata          fff0s.o
    0x000321d4   0x000321d4   0x00000028   Data   RO         4947    .constdata          fff0s_task.o
    0x000321fc   0x000321fc   0x00000008   Data   RO         4948    .constdata          fff0s_task.o
    0x00032204   0x00032204   0x00000075   Data   RO         4991    .constdata          app.o
    0x00032279   0x00032279   0x00000003   PAD
    0x0003227c   0x0003227c   0x00000020   Data   RO         5083    .constdata          app_fff0.o
    0x0003229c   0x0003229c   0x00000008   Data   RO         5084    .constdata          app_fff0.o
    0x000322a4   0x000322a4   0x0000001a   Data   RO         5085    .constdata          app_fff0.o
    0x000322be   0x000322be   0x00000002   PAD
    0x000322c0   0x000322c0   0x00000108   Data   RO         5170    .constdata          app_task.o
    0x000323c8   0x000323c8   0x00000008   Data   RO         5171    .constdata          app_task.o
    0x000323d0   0x000323d0   0x000000e2   Data   RO         5172    .constdata          app_task.o
    0x000324b2   0x000324b2   0x0000003a   Data   RO         5852    .constdata          tuya_ble_sdk_bk3431q.lib(tuya_ble_main.o)
    0x000324ec   0x000324ec   0x0000000c   Data   RO         5979    .constdata          tuya_ble_sdk_bk3431q.lib(tuya_ble_unix_time.o)
    0x000324f8   0x000324f8   0x00000004   Data   RO         6039    .constdata          tuya_ble_sdk_bk3431q.lib(tuya_ble_utils.o)
    0x000324fc   0x000324fc   0x00000050   Data   RO         6163    .constdata          bk3435_fcc_mode.lib(rf_test.o)
    0x0003254c   0x0003254c   0x00000004   PAD
    0x00032550   0x00032550   0x00000088   Data   RO         6378    .constdata          m_5s.l(pow.o)
    0x000325d8   0x000325d8   0x00000008   Data   RO         6735    .constdata          m_5s.l(qnan.o)
    0x000325e0   0x000325e0   0x00000081   Data   RO         6785    .constdata          mc_5.l(ctype_o.o)
    0x00032661   0x00032661   0x00000003   PAD
    0x00032664   0x00032664   0x00000004   Data   RO         6786    .constdata          mc_5.l(ctype_o.o)
    0x00032668   0x00032668   0x00000041   Data   RO          412    .conststring        lock_dp_parser.o
    0x000326a9   0x000326a9   0x00000003   PAD
    0x000326ac   0x000326ac   0x00000042   Data   RO         1207    .conststring        app_active_report.o
    0x000326ee   0x000326ee   0x00000002   PAD
    0x000326f0   0x000326f0   0x00000017   Data   RO         2685    .conststring        elog.o


    Execution Region RAM_DATA (Exec base: 0x00400800, Load base: 0x00032708, Size: 0x000003b0, Max: 0xffffffff, ABSOLUTE)

    Exec Addr    Load Addr    Size         Type   Attr      Idx    E Section Name        Object

    0x00400800   0x00032708   0x00000002   Data   RW          335    .data               lock_hard.o
    0x00400802   0x0003270a   0x00000002   PAD
    0x00400804   0x0003270c   0x00000004   Data   RW          493    .data               lock_dp_report.o
    0x00400808   0x00032710   0x00000008   Data   RW          810    .data               lock_offline_pwd.o
    0x00400810   0x00032718   0x00000004   Data   RW          879    .data               lock_test.o
    0x00400814   0x0003271c   0x0000005c   Data   RW          907    .data               app_common.o
    0x00400870   0x00032778   0x0000000b   Data   RW          975    .data               app_flash.o
    0x0040087b   0x00032783   0x00000006   Data   RW          976    .data               app_flash.o
    0x00400881   0x00032789   0x00000003   PAD
    0x00400884   0x0003278c   0x00000010   Data   RW         1142    .data               app_ota.o
    0x00400894   0x0003279c   0x00000002   Data   RW         1208    .data               app_active_report.o
    0x00400896   0x0003279e   0x00000004   Data   RW         1246    .data               app_test.o
    0x0040089a   0x000327a2   0x00000002   PAD
    0x0040089c   0x000327a4   0x00000004   Data   RW         2292    .data               platform_util.o
    0x004008a0   0x000327a8   0x00000014   Data   RW         2525    .data               sf_nv.o
    0x004008b4   0x000327bc   0x0000001c   Data   RW         2686    .data               elog.o
    0x004008d0   0x000327d8   0x00000001   Data   RW         2895    .data               bk_common.o
    0x004008d1   0x000327d9   0x00000003   PAD
    0x004008d4   0x000327dc   0x00000008   Data   RW         2896    .data               bk_common.o
    0x004008dc   0x000327e4   0x00000004   PAD
    0x004008e0   0x000327e8   0x00000018   Data   RW         2960    .data               bk_scan_adv.o
    0x004008f8   0x00032800   0x0000004a   Data   RW         2961    .data               bk_scan_adv.o
    0x00400942   0x0003284a   0x0000000c   Data   RW         2998    .data               bk_ble.o
    0x0040094e   0x00032856   0x00000002   PAD
    0x00400950   0x00032858   0x0000000c   Data   RW         3038    .data               bk_svc.o
    0x0040095c   0x00032864   0x0000014c   Data   RW         3134    .data               bk_timer.o
    0x00400aa8   0x000329b0   0x00000001   Data   RW         3356    .data               arch_main.o
    0x00400aa9   0x000329b1   0x00000002   Data   RW         3894    .data               icu.o
    0x00400aab   0x000329b3   0x00000001   PAD
    0x00400aac   0x000329b4   0x0000002c   Data   RW         3966    .data               gpio.o
    0x00400ad8   0x000329e0   0x0000000c   Data   RW         4066    .data               flash.o
    0x00400ae4   0x000329ec   0x00000018   Data   RW         4419    .data               uart.o
    0x00400afc   0x00032a04   0x00000001   Data   RW         4585    .data               wdt.o
    0x00400afd   0x00032a05   0x00000003   PAD
    0x00400b00   0x00032a08   0x00000004   Data   RW         4716    .data               rtc.o
    0x00400b04   0x00032a0c   0x00000001   Data   RW         5173    .data               app_task.o
    0x00400b05   0x00032a0d   0x00000001   PAD
    0x00400b06   0x00032a0e   0x00000009   Data   RW         5348    .data               tuya_ble_sdk_bk3431q.lib(tuya_ble_api.o)
    0x00400b0f   0x00032a17   0x00000001   PAD
    0x00400b10   0x00032a18   0x00000036   Data   RW         5668    .data               tuya_ble_sdk_bk3431q.lib(tuya_ble_data_handler.o)
    0x00400b46   0x00032a4e   0x00000002   PAD
    0x00400b48   0x00032a50   0x00000018   Data   RW         5788    .data               tuya_ble_sdk_bk3431q.lib(tuya_ble_heap.o)
    0x00400b60   0x00032a68   0x00000008   Data   RW         5853    .data               tuya_ble_sdk_bk3431q.lib(tuya_ble_main.o)
    0x00400b68   0x00032a70   0x00000009   Data   RW         6164    .data               bk3435_fcc_mode.lib(rf_test.o)
    0x00400b71   0x00032a79   0x00000003   PAD
    0x00400b74   0x00032a7c   0x00000026   Data   RW         6167    .data               bk3435_pn9_mode.lib(rf_pn9_test.o)
    0x00400b9a   0x00032aa2   0x00000002   PAD
    0x00400b9c   0x00032aa4   0x0000000c   Data   RW         6237    .data               tuya_ble_sdk_bk3431q.lib(tuya_ble_event.o)
    0x00400ba8   0x00032ab0   0x00000001   Data   RW         6288    .data               tuya_ble_sdk_bk3431q.lib(tuya_ble_mutli_tsf_protocol.o)
    0x00400ba9   0x00032ab1   0x00000003   PAD
    0x00400bac   0x00032ab4   0x00000004   Data   RW         6748    .data               mc_5.l(errno.o)


    Execution Region RAM_BSS (Exec base: 0x00400bb0, Load base: 0x00032ab8, Size: 0x00004210, Max: 0xffffffff, ABSOLUTE)

    Exec Addr    Load Addr    Size         Type   Attr      Idx    E Section Name        Object

    0x00400bb0        -       0x00000365   Zero   RW          410    .bss                lock_dp_parser.o
    0x00400f15   0x00032ab8   0x00000003   PAD
    0x00400f18        -       0x00000122   Zero   RW          491    .bss                lock_dp_report.o
    0x0040103a   0x00032ab8   0x00000002   PAD
    0x0040103c        -       0x00000024   Zero   RW          583    .bss                lock_timer.o
    0x00401060        -       0x00000100   Zero   RW          877    .bss                lock_test.o
    0x00401160        -       0x000000d0   Zero   RW          973    .bss                app_flash.o
    0x00401230        -       0x000000f0   Zero   RW         1140    .bss                app_ota.o
    0x00401320        -       0x00000200   Zero   RW         1244    .bss                app_test.o
    0x00401520        -       0x00000168   Zero   RW         1580    .bss                tuya_ble_storage.o
    0x00401688        -       0x00000212   Zero   RW         2523    .bss                sf_nv.o
    0x0040189a   0x00032ab8   0x00000002   PAD
    0x0040189c        -       0x00000800   Zero   RW         2639    .bss                sf_mem.o
    0x0040209c        -       0x00000250   Zero   RW         2683    .bss                elog.o
    0x004022ec        -       0x00000600   Zero   RW         3037    .bss                bk_svc.o
    0x004028ec        -       0x000000a0   Zero   RW         3133    .bss                bk_timer.o
    0x0040298c        -       0x00000010   Zero   RW         3354    .bss                arch_main.o
    0x0040299c        -       0x00000010   Zero   RW         3728    .bss                rwip.o
    0x004029ac        -       0x0000000c   Zero   RW         4065    .bss                flash.o
    0x004029b8        -       0x00000828   Zero   RW         4416    .bss                uart.o
    0x004031e0        -       0x00000040   Zero   RW         4623    .bss                rf_xvr.o
    0x00403220        -       0x0000011c   Zero   RW         4784    .bss                prf.o
    0x0040333c        -       0x00000028   Zero   RW         4990    .bss                app.o
    0x00403364        -       0x0000012c   Zero   RW         5347    .bss                tuya_ble_sdk_bk3431q.lib(tuya_ble_api.o)
    0x00403490        -       0x000004b0   Zero   RW         5667    .bss                tuya_ble_sdk_bk3431q.lib(tuya_ble_data_handler.o)
    0x00403940        -       0x00000800   Zero   RW         5787    .bss                tuya_ble_sdk_bk3431q.lib(tuya_ble_heap.o)
    0x00404140        -       0x00000334   Zero   RW         5851    .bss                tuya_ble_sdk_bk3431q.lib(tuya_ble_main.o)
    0x00404474        -       0x000000e0   Zero   RW         6188    .bss                tuya_ble_sdk_bk3431q.lib(tuya_ble_cryption_api.o)
    0x00404554        -       0x0000086c   Zero   RW         6236    .bss                tuya_ble_sdk_bk3431q.lib(tuya_ble_event.o)


    Execution Region RAM_STACK_UNUSED (Exec base: 0x0040b70c, Load base: 0x00032ab8, Size: 0x00000020, Max: 0x00000020, ABSOLUTE)

    Exec Addr    Load Addr    Size         Type   Attr      Idx    E Section Name        Object

    0x0040b70c        -       0x00000020   Zero   RW            1    RAM_STACK_UNUSED.bss  anon$$obj.o


    Execution Region RAM_STACK_SVC (Exec base: 0x0040b72c, Load base: 0x00032ab8, Size: 0x000004f0, Max: 0x000004f0, ABSOLUTE)

    Exec Addr    Load Addr    Size         Type   Attr      Idx    E Section Name        Object

    0x0040b72c        -       0x000004f0   Zero   RW            2    RAM_STACK_SVC.bss   anon$$obj.o


    Execution Region RAM_STACK_IRQ (Exec base: 0x0040bc1c, Load base: 0x00032ab8, Size: 0x000001f0, Max: 0x000001f0, ABSOLUTE)

    Exec Addr    Load Addr    Size         Type   Attr      Idx    E Section Name        Object

    0x0040bc1c        -       0x000001f0   Zero   RW            3    RAM_STACK_IRQ.bss   anon$$obj.o


    Execution Region RAM_STACK_FIQ (Exec base: 0x0040be0c, Load base: 0x00032ab8, Size: 0x000001f0, Max: 0x000001f0, ABSOLUTE)

    Exec Addr    Load Addr    Size         Type   Attr      Idx    E Section Name        Object

    0x0040be0c        -       0x000001f0   Zero   RW            4    RAM_STACK_FIQ.bss   anon$$obj.o


    Execution Region RAM_BSS_1 (Exec base: 0x00815000, Load base: 0x00032ab8, Size: 0x00001258, Max: 0xffffffff, ABSOLUTE)

    Exec Addr    Load Addr    Size         Type   Attr      Idx    E Section Name        Object

    0x00815000        -       0x00001258   Zero   RW         3729    ke_heap             rwip.o


==============================================================================

Image component sizes


      Code (inc. data)   RO Data    RW Data    ZI Data      Debug   Object Name

      2888         74       8744          0          0      20446   aes.o
       704        176        117          0         40      10199   app.o
       664        408        163          2          0       3127   app_active_report.o
       766        306         33         92          0       5127   app_common.o
       152         26         66          0          0       6457   app_fff0.o
      1434        166         14         17        208      19618   app_flash.o
      2984       1186        131         16        240      10663   app_ota.o
       968        356         73          0          0      28599   app_port.o
      2134        810        498          1          0      21789   app_task.o
      1502        462         20          4        512       8081   app_test.o
      1368        660         91          1         16      12406   arch_main.o
       258         38          0         12          0       3971   bk_ble.o
       158         18          0          9          0       4682   bk_common.o
        82          0          0          0          0       2866   bk_flash.o
        60          8          0         98          0       3751   bk_scan_adv.o
       240         24          0         12       1536       4157   bk_svc.o
         2          0          0          0          0        478   bk_test.o
       460         82          0        332        160       9369   bk_timer.o
        72         12          0          0          0       3160   bk_uart.o
       500         76          0          0          0        428   boot_handlers.o
        92         32          0          0          0        376   boot_vectors.o
       212         14          4          0          0       4601   cpt_math.o
       398         38          0          0          0       5524   cpt_string_op.o
      2172        824        163         28        592      15616   elog.o
         0          0          0          0          0       3063   elog_async.o
        84         40          0          0          0       4117   elog_port.o
       276        126         35          0          0       3053   elog_utils.o
        24          4          0          0          0        583   emi.o
       784         26          0          0          0       5460   ff1.o
       416         16         64          0          0       9287   fff0s.o
       530         22         48          0          0       7884   fff0s_task.o
      1814        234          0         12         12      15557   flash.o
       136          6          8          0          0       2238   fpe_cipher.o
       112          6          0          0          0       1646   fpe_decrypt.o
       174          0          0          0          0       4320   fpe_math.o
       546         10         16          0          0      10088   fpe_str.o
        52         14          0         44          0       8877   gpio.o
       162          0          0          0          0       1568   hmac-sha1.o
       392         72          0          2          0       5119   icu.o
       192         20          0          0          0     111078   intc.o
       528        354         68          0          0      92910   lock_common.o
      5556       2442        299          0        869      22416   lock_dp_parser.o
      1140        178         24          4        290      16761   lock_dp_report.o
       788        322         42          0          0       4850   lock_dynamic_pwd.o
      1828        762         24          2          0       9125   lock_hard.o
      3574       1356        150          8          0      12116   lock_offline_pwd.o
      1056        506         59          4        256       3904   lock_test.o
       596        186         32          0         36      12967   lock_timer.o
      2554        266          0          0          0       9963   md5.o
        16          6          0          4          0       1639   platform_util.o
       564         30          0          0        284       9216   prf.o
         0          0          0          0          0       8407   prf_utils.o
      1130        284          0          0         64     114036   rf_xvr.o
       152         28          0          4          0       2115   rtc.o
       386         24          0          0          0     111027   rwble.o
        56          0          0          0          0       2169   rwble_hl.o
       704         78          0          0       4712     116235   rwip.o
       160         16          0          0       2048       3481   sf_mem.o
      2110        542         51         20        530      12252   sf_nv.o
        60          0          0          0          0       3801   sf_port.o
       844         18         16          0          0       5671   sha1.o
         2          0          0          0          0        477   timer.o
       538         16          0          0          0      21101   tuya_ble_port_bk3431q.o
       556         38         50          0        360       6760   tuya_ble_storage.o
      1242        230          0         24       2088      33885   uart.o
        80         16          0          1          0       1316   wdt.o

    ----------------------------------------------------------------------
     52324      14110      11118        774      17148    1038029   Object Totals
        48         20          0          0       2288          0   (incl. Generated)
        92          0         15         21          7          0   (incl. Padding)

    ----------------------------------------------------------------------

      Code (inc. data)   RO Data    RW Data    ZI Data      Debug   Library Member Name

      1164        268         80          9          0        236   rf_test.o
       764        190          0         38          0        344   rf_pn9_test.o
        88         12          0          0          0        340   dunder.o
        48          4          0          0          0         68   fpclassify.o
       240          0          0          0          0         92   poly.o
      3764        148        136          0          0        328   pow.o
         0          0          8          0          0          0   qnan.o
       100          4          0          0          0         84   sqrt.o
       138          0          0          0          0         80   __strtoll.o
        30          0          0          0          0         60   _chval.o
       216          0          0          0          0         84   _strtoull.o
        26          0          0          0          0         72   atoll.o
         8          4        133          0          0         60   ctype_o.o
        28         10          0          4          0        120   errno.o
         0          0          0          0          0          0   iusefp.o
       126          0          0          0          0         84   llmul.o
        32          0          0          0          0         68   llshl.o
        38          0          0          0          0         68   llsshr.o
        34          0          0          0          0         68   llushr.o
        38          0          0          0          0        100   memseta.o
      2432        108          0          0          0        760   printfa.o
        14          0          0          0          0         60   strlen.o
        30          0          0          0          0         72   strncmp.o
        26          0          0          0          0         68   strncpy.o
        40          0          0          0          0         72   strstr.o
        96          0          0          0          0         84   uldiv.o
        20          0          0          0          0         60   uread4.o
        18          0          0          0          0         60   uwrite4.o
        40          2          0          0          0         68   cdrcmple.o
       364          4          0          0          0        140   dadd.o
       248          6          0          0          0         84   ddiv.o
       190          0          0          0          0        156   depilogue.o
        72         10          0          0          0         72   dfixi.o
        60         10          0          0          0         68   dfixui.o
        64         10          0          0          0         68   dfixul.o
        48          6          0          0          0         68   dflti.o
        28          4          0          0          0         68   dfltui.o
       216          6          0          0          0         88   dmul.o
        52          0          0          0          0         72   dscalb.o
       162          0          0          0          0         80   dsqrt.o
      1154        116          0          9        300      25548   tuya_ble_api.o
         2          0          0          0          0       1679   tuya_ble_app_uart_common_handler.o
       850         40          0          0        224       8154   tuya_ble_cryption_api.o
      2836        216          0         54       1200      21011   tuya_ble_data_handler.o
       248         32          0         12       2156       5571   tuya_ble_event.o
       356         22          0         24       2048       4363   tuya_ble_heap.o
      1246        138         58          8        820      13121   tuya_ble_main.o
        36          0          0          0          0       1890   tuya_ble_mem.o
       778          4          0          1          0       8494   tuya_ble_mutli_tsf_protocol.o
       340         16         12          0          0       5092   tuya_ble_unix_time.o
       226         14          4          0          0       5120   tuya_ble_utils.o

    ----------------------------------------------------------------------
     19192       1404        438        170       6748     104667   Library Totals
        18          0          7         11          0          0   (incl. Padding)

    ----------------------------------------------------------------------

      Code (inc. data)   RO Data    RW Data    ZI Data      Debug   Library Name

      1164        268         80          9          0        236   bk3435_fcc_mode.lib
       764        190          0         38          0        344   bk3435_pn9_mode.lib
      4240        168        144          0          0        912   m_5s.l
      3390        122        133          4          0       2100   mc_5.l
      1544         58          0          0          0       1032   mf_5.l
      8072        598         74        108       6748     100043   tuya_ble_sdk_bk3431q.lib

    ----------------------------------------------------------------------
     19192       1404        438        170       6748     104667   Library Totals

    ----------------------------------------------------------------------

==============================================================================


      Code (inc. data)   RO Data    RW Data    ZI Data      Debug   

     71516      15514      11556        944      23896    1114904   Grand Totals
     71516      15514      11556        944      23896    1114904   ELF Image Totals
     71516      15514      11556        944          0          0   ROM Totals

==============================================================================

    Total RO  Size (Code + RO Data)                83072 (  81.13kB)
    Total RW  Size (RW Data + ZI Data)             24840 (  24.26kB)
    Total ROM Size (Code + RO Data + RW Data)      84016 (  82.05kB)

==============================================================================

